
Allocating common symbols
Common symbol       size              file

kbd_buf             0x6c              build/keyboard.o
root_dir            0x208             build/dir.o
thread_ready_list   0x10              build/thread.o
thread_all_list     0x10              build/thread.o
user_pool           0x2c              build/memory.o
channel_cnt         0x1               build/ide.o
cur_part            0x4               build/fs.o
k_block_descs       0xa8              build/memory.o
idle_thread         0x4               build/thread.o
intr_name           0x204             build/interrupt.o
main_thread         0x4               build/thread.o
channels            0xcc0             build/ide.o
ticks               0x4               build/timer.o
kernel_vaddr        0xc               build/memory.o
syscall_table       0x80              build/syscall-init.o
idt_table           0x204             build/interrupt.o
file_table          0x180             build/file.o
partition_list      0x10              build/ide.o
kernel_pool         0x2c              build/memory.o
pid_lock            0x1c              build/thread.o

Discarded input sections

 .group         0x0000000000000000        0x8 build/main.o
 .note.GNU-stack
                0x0000000000000000        0x0 build/main.o
 .group         0x0000000000000000        0x8 build/init.o
 .text.__x86.get_pc_thunk.bx
                0x0000000000000000        0x4 build/init.o
 .note.GNU-stack
                0x0000000000000000        0x0 build/init.o
 .group         0x0000000000000000        0x8 build/interrupt.o
 .group         0x0000000000000000        0x8 build/interrupt.o
 .text.__x86.get_pc_thunk.bx
                0x0000000000000000        0x4 build/interrupt.o
 .note.GNU-stack
                0x0000000000000000        0x0 build/interrupt.o
 .group         0x0000000000000000        0x8 build/timer.o
 .group         0x0000000000000000        0x8 build/timer.o
 .group         0x0000000000000000        0x8 build/timer.o
 .text.__x86.get_pc_thunk.ax
                0x0000000000000000        0x4 build/timer.o
 .text.__x86.get_pc_thunk.bx
                0x0000000000000000        0x4 build/timer.o
 .note.GNU-stack
                0x0000000000000000        0x0 build/timer.o
 .group         0x0000000000000000        0x8 build/debug.o
 .text.__x86.get_pc_thunk.bx
                0x0000000000000000        0x4 build/debug.o
 .note.GNU-stack
                0x0000000000000000        0x0 build/debug.o
 .group         0x0000000000000000        0x8 build/string.o
 .text.__x86.get_pc_thunk.ax
                0x0000000000000000        0x4 build/string.o
 .note.GNU-stack
                0x0000000000000000        0x0 build/string.o
 .group         0x0000000000000000        0x8 build/memory.o
 .group         0x0000000000000000        0x8 build/memory.o
 .text.__x86.get_pc_thunk.ax
                0x0000000000000000        0x4 build/memory.o
 .text.__x86.get_pc_thunk.bx
                0x0000000000000000        0x4 build/memory.o
 .note.GNU-stack
                0x0000000000000000        0x0 build/memory.o
 .group         0x0000000000000000        0x8 build/bitmap.o
 .text.__x86.get_pc_thunk.ax
                0x0000000000000000        0x4 build/bitmap.o
 .note.GNU-stack
                0x0000000000000000        0x0 build/bitmap.o
 .group         0x0000000000000000        0x8 build/thread.o
 .group         0x0000000000000000        0x8 build/thread.o
 .group         0x0000000000000000        0x8 build/thread.o
 .text.__x86.get_pc_thunk.ax
                0x0000000000000000        0x4 build/thread.o
 .text.__x86.get_pc_thunk.bx
                0x0000000000000000        0x4 build/thread.o
 .note.GNU-stack
                0x0000000000000000        0x0 build/thread.o
 .group         0x0000000000000000        0x8 build/list.o
 .group         0x0000000000000000        0x8 build/list.o
 .text.__x86.get_pc_thunk.ax
                0x0000000000000000        0x4 build/list.o
 .text.__x86.get_pc_thunk.bx
                0x0000000000000000        0x4 build/list.o
 .note.GNU-stack
                0x0000000000000000        0x0 build/list.o
 .group         0x0000000000000000        0x8 build/sync.o
 .group         0x0000000000000000        0x8 build/sync.o
 .text.__x86.get_pc_thunk.ax
                0x0000000000000000        0x4 build/sync.o
 .text.__x86.get_pc_thunk.bx
                0x0000000000000000        0x4 build/sync.o
 .note.GNU-stack
                0x0000000000000000        0x0 build/sync.o
 .group         0x0000000000000000        0x8 build/console.o
 .group         0x0000000000000000        0x8 build/console.o
 .text.__x86.get_pc_thunk.ax
                0x0000000000000000        0x4 build/console.o
 .text.__x86.get_pc_thunk.bx
                0x0000000000000000        0x4 build/console.o
 .note.GNU-stack
                0x0000000000000000        0x0 build/console.o
 .group         0x0000000000000000        0x8 build/keyboard.o
 .group         0x0000000000000000        0x8 build/keyboard.o
 .text.__x86.get_pc_thunk.ax
                0x0000000000000000        0x4 build/keyboard.o
 .text.__x86.get_pc_thunk.bx
                0x0000000000000000        0x4 build/keyboard.o
 .note.GNU-stack
                0x0000000000000000        0x0 build/keyboard.o
 .group         0x0000000000000000        0x8 build/ioqueue.o
 .group         0x0000000000000000        0x8 build/ioqueue.o
 .text.__x86.get_pc_thunk.ax
                0x0000000000000000        0x4 build/ioqueue.o
 .text.__x86.get_pc_thunk.bx
                0x0000000000000000        0x4 build/ioqueue.o
 .note.GNU-stack
                0x0000000000000000        0x0 build/ioqueue.o
 .group         0x0000000000000000        0x8 build/tss.o
 .group         0x0000000000000000        0x8 build/tss.o
 .text.__x86.get_pc_thunk.ax
                0x0000000000000000        0x4 build/tss.o
 .text.__x86.get_pc_thunk.bx
                0x0000000000000000        0x4 build/tss.o
 .note.GNU-stack
                0x0000000000000000        0x0 build/tss.o
 .group         0x0000000000000000        0x8 build/process.o
 .group         0x0000000000000000        0x8 build/process.o
 .text.__x86.get_pc_thunk.ax
                0x0000000000000000        0x4 build/process.o
 .text.__x86.get_pc_thunk.bx
                0x0000000000000000        0x4 build/process.o
 .note.GNU-stack
                0x0000000000000000        0x0 build/process.o
 .group         0x0000000000000000        0x8 build/syscall.o
 .text.__x86.get_pc_thunk.ax
                0x0000000000000000        0x4 build/syscall.o
 .note.GNU-stack
                0x0000000000000000        0x0 build/syscall.o
 .group         0x0000000000000000        0x8 build/syscall-init.o
 .group         0x0000000000000000        0x8 build/syscall-init.o
 .text.__x86.get_pc_thunk.ax
                0x0000000000000000        0x4 build/syscall-init.o
 .text.__x86.get_pc_thunk.bx
                0x0000000000000000        0x4 build/syscall-init.o
 .note.GNU-stack
                0x0000000000000000        0x0 build/syscall-init.o
 .group         0x0000000000000000        0x8 build/stdio.o
 .group         0x0000000000000000        0x8 build/stdio.o
 .text.__x86.get_pc_thunk.ax
                0x0000000000000000        0x4 build/stdio.o
 .text.__x86.get_pc_thunk.bx
                0x0000000000000000        0x4 build/stdio.o
 .note.GNU-stack
                0x0000000000000000        0x0 build/stdio.o
 .group         0x0000000000000000        0x8 build/stdio-kernel.o
 .text.__x86.get_pc_thunk.bx
                0x0000000000000000        0x4 build/stdio-kernel.o
 .note.GNU-stack
                0x0000000000000000        0x0 build/stdio-kernel.o
 .group         0x0000000000000000        0x8 build/ide.o
 .group         0x0000000000000000        0x8 build/ide.o
 .text.__x86.get_pc_thunk.ax
                0x0000000000000000        0x4 build/ide.o
 .text.__x86.get_pc_thunk.bx
                0x0000000000000000        0x4 build/ide.o
 .note.GNU-stack
                0x0000000000000000        0x0 build/ide.o
 .group         0x0000000000000000        0x8 build/fs.o
 .group         0x0000000000000000        0x8 build/fs.o
 .text.__x86.get_pc_thunk.ax
                0x0000000000000000        0x4 build/fs.o
 .text.__x86.get_pc_thunk.bx
                0x0000000000000000        0x4 build/fs.o
 .note.GNU-stack
                0x0000000000000000        0x0 build/fs.o
 .group         0x0000000000000000        0x8 build/inode.o
 .group         0x0000000000000000        0x8 build/inode.o
 .text.__x86.get_pc_thunk.ax
                0x0000000000000000        0x4 build/inode.o
 .text.__x86.get_pc_thunk.bx
                0x0000000000000000        0x4 build/inode.o
 .note.GNU-stack
                0x0000000000000000        0x0 build/inode.o
 .group         0x0000000000000000        0x8 build/file.o
 .group         0x0000000000000000        0x8 build/file.o
 .group         0x0000000000000000        0x8 build/file.o
 .text.__x86.get_pc_thunk.ax
                0x0000000000000000        0x4 build/file.o
 .text.__x86.get_pc_thunk.dx
                0x0000000000000000        0x4 build/file.o
 .text.__x86.get_pc_thunk.bx
                0x0000000000000000        0x4 build/file.o
 .note.GNU-stack
                0x0000000000000000        0x0 build/file.o
 .group         0x0000000000000000        0x8 build/dir.o
 .group         0x0000000000000000        0x8 build/dir.o
 .text.__x86.get_pc_thunk.ax
                0x0000000000000000        0x4 build/dir.o
 .text.__x86.get_pc_thunk.bx
                0x0000000000000000        0x4 build/dir.o
 .note.GNU-stack
                0x0000000000000000        0x0 build/dir.o

Memory Configuration

Name             Origin             Length             Attributes
*default*        0x0000000000000000 0xffffffffffffffff

Linker script and memory map

Address of section .text set to 0xc0001500
LOAD build/main.o
LOAD build/init.o
LOAD build/interrupt.o
LOAD build/timer.o
LOAD build/kernel.o
LOAD build/print.o
LOAD build/switch.o
LOAD build/debug.o
LOAD build/string.o
LOAD build/memory.o
LOAD build/bitmap.o
LOAD build/thread.o
LOAD build/list.o
LOAD build/sync.o
LOAD build/console.o
LOAD build/keyboard.o
LOAD build/ioqueue.o
LOAD build/tss.o
LOAD build/process.o
LOAD build/syscall.o
LOAD build/syscall-init.o
LOAD build/stdio.o
LOAD build/stdio-kernel.o
LOAD build/ide.o
LOAD build/fs.o
LOAD build/inode.o
LOAD build/file.o
LOAD build/dir.o
                [!provide]                        PROVIDE (__executable_start = SEGMENT_START ("text-segment", 0x8048000))
                0x0000000008048094                . = (SEGMENT_START ("text-segment", 0x8048000) + SIZEOF_HEADERS)

.interp
 *(.interp)

.note.gnu.build-id
 *(.note.gnu.build-id)

.hash
 *(.hash)

.gnu.hash
 *(.gnu.hash)

.dynsym
 *(.dynsym)

.dynstr
 *(.dynstr)

.gnu.version
 *(.gnu.version)

.gnu.version_d
 *(.gnu.version_d)

.gnu.version_r
 *(.gnu.version_r)

.rel.dyn        0x0000000008048094        0x0
 *(.rel.init)
 *(.rel.text .rel.text.* .rel.gnu.linkonce.t.*)
 .rel.text      0x0000000008048094        0x0 build/main.o
 *(.rel.fini)
 *(.rel.rodata .rel.rodata.* .rel.gnu.linkonce.r.*)
 *(.rel.data.rel.ro .rel.data.rel.ro.* .rel.gnu.linkonce.d.rel.ro.*)
 *(.rel.data .rel.data.* .rel.gnu.linkonce.d.*)
 *(.rel.tdata .rel.tdata.* .rel.gnu.linkonce.td.*)
 *(.rel.tbss .rel.tbss.* .rel.gnu.linkonce.tb.*)
 *(.rel.ctors)
 *(.rel.dtors)
 *(.rel.got)
 .rel.got       0x0000000008048094        0x0 build/main.o
 *(.rel.bss .rel.bss.* .rel.gnu.linkonce.b.*)
 *(.rel.ifunc)

.rel.plt        0x0000000008048094        0x0
 *(.rel.plt)
                [!provide]                        PROVIDE (__rel_iplt_start = .)
 *(.rel.iplt)
 .rel.iplt      0x0000000008048094        0x0 build/main.o
                [!provide]                        PROVIDE (__rel_iplt_end = .)

.init
 *(SORT_NONE(.init))

.plt            0x0000000008048098        0x0
 *(.plt)
 *(.iplt)
 .iplt          0x0000000008048098        0x0 build/main.o

.plt.got
 *(.plt.got)

.plt.sec
 *(.plt.sec)

.text           0x00000000c0001500     0xab6b
 *(.text.unlikely .text.*_unlikely .text.unlikely.*)
 *(.text.exit .text.exit.*)
 *(.text.startup .text.startup.*)
 *(.text.hot .text.hot.*)
 *(.text .stub .text.* .gnu.linkonce.t.*)
 .text          0x00000000c0001500      0x3f0 build/main.o
                0x00000000c0001500                main
                0x00000000c00015be                k_thread_a
                0x00000000c00016b0                k_thread_b
                0x00000000c00017a2                u_prog_a
                0x00000000c0001849                u_prog_b
 .text.__x86.get_pc_thunk.bx
                0x00000000c00018f0        0x4 build/main.o
                0x00000000c00018f0                __x86.get_pc_thunk.bx
 .text          0x00000000c00018f4       0x61 build/init.o
                0x00000000c00018f4                init_all
 .text          0x00000000c0001955      0x583 build/interrupt.o
                0x00000000c0001d7a                intr_enable
                0x00000000c0001dad                intr_disable
                0x00000000c0001de0                intr_set_status
                0x00000000c0001e08                intr_get_status
                0x00000000c0001e2f                register_handler
                0x00000000c0001e58                idt_init
 .text.__x86.get_pc_thunk.ax
                0x00000000c0001ed8        0x4 build/interrupt.o
                0x00000000c0001ed8                __x86.get_pc_thunk.ax
 .text          0x00000000c0001edc      0x25e build/timer.o
                0x00000000c0002035                timer_init
                0x00000000c00020d8                mtime_sleep
 .text.__x86.get_pc_thunk.cx
                0x00000000c000213a        0x4 build/timer.o
                0x00000000c000213a                __x86.get_pc_thunk.cx
 *fill*         0x00000000c000213e        0x2 
 .text          0x00000000c0002140      0x55b build/kernel.o
                0x00000000c0002140                intr_exit
                0x00000000c0002677                syscall_handler
 *fill*         0x00000000c000269b        0x5 
 .text          0x00000000c00026a0      0x178 build/print.o
                0x00000000c00026a8                put_str
                0x00000000c00026c6                put_char
                0x00000000c0002793                put_int
                0x00000000c00027f4                set_cursor
 *fill*         0x00000000c0002818        0x8 
 .text          0x00000000c0002820       0x15 build/switch.o
                0x00000000c0002820                switch_to
 .text          0x00000000c0002835       0xf4 build/debug.o
                0x00000000c0002835                panic_spin
 .text          0x00000000c0002929      0x4ac build/string.o
                0x00000000c0002929                memset
                0x00000000c0002991                memcpy
                0x00000000c0002a07                memcmp
                0x00000000c0002aa0                strcpy
                0x00000000c0002b0b                strlen
                0x00000000c0002b6c                strcmp
                0x00000000c0002bfb                strchr
                0x00000000c0002c69                strrchr
                0x00000000c0002cdd                strcat
                0x00000000c0002d5d                strchrs
 .text          0x00000000c0002dd5     0x132f build/memory.o
                0x00000000c0002f08                pte_ptr
                0x00000000c0002f42                pde_ptr
                0x00000000c00030f9                malloc_page
                0x00000000c00031d2                get_kernel_pages
                0x00000000c0003246                get_user_pages
                0x00000000c00032b4                get_a_page
                0x00000000c000343e                addr_v2p
                0x00000000c000371c                sys_malloc
                0x00000000c0003a74                block_desc_init
                0x00000000c0003b17                pfree
                0x00000000c0003c8d                mfree_page
                0x00000000c0003e8c                sys_free
                0x00000000c000409e                mem_init
 .text          0x00000000c0004104      0x28d build/bitmap.o
                0x00000000c0004104                bitmap_init
                0x00000000c0004137                bitmap_scan_test
                0x00000000c0004181                bitmap_scan
                0x00000000c00042c9                bitmap_set
 .text          0x00000000c0004391      0x889 build/thread.o
                0x00000000c0004405                running_thread
                0x00000000c0004450                thread_create
                0x00000000c00044d4                init_thread
                0x00000000c0004610                thread_start
                0x00000000c00047bc                schedule
                0x00000000c000493f                thread_block
                0x00000000c00049b7                thread_yield
                0x00000000c0004a58                thread_unblock
                0x00000000c0004b7f                thread_init
 .text.__x86.get_pc_thunk.dx
                0x00000000c0004c1a        0x4 build/thread.o
                0x00000000c0004c1a                __x86.get_pc_thunk.dx
 .text          0x00000000c0004c1e      0x25f build/list.o
                0x00000000c0004c1e                list_init
                0x00000000c0004c56                list_insert_before
                0x00000000c0004caa                list_push
                0x00000000c0004cd2                list_append
                0x00000000c0004cfa                list_remove
                0x00000000c0004d43                list_pop
                0x00000000c0004d6f                elem_find
                0x00000000c0004db4                list_traversal
                0x00000000c0004e1b                list_len
                0x00000000c0004e5a                list_empty
 .text          0x00000000c0004e7d      0x39c build/sync.o
                0x00000000c0004e7d                sema_init
                0x00000000c0004eb7                lock_init
                0x00000000c0004ef1                sema_down
                0x00000000c0005016                sema_up
                0x00000000c00050e2                lock_acquire
                0x00000000c000516a                lock_release
 .text          0x00000000c0005219      0x119 build/console.o
                0x00000000c0005219                console_init
                0x00000000c0005244                console_acquire
                0x00000000c000526f                console_release
                0x00000000c000529a                console_put_str
                0x00000000c00052ca                console_put_char
                0x00000000c0005302                console_put_int
 .text          0x00000000c0005332      0x32f build/keyboard.o
                0x00000000c00055ff                keyboard_init
 .text          0x00000000c0005661      0x382 build/ioqueue.o
                0x00000000c0005661                ioqueue_init
                0x00000000c00056d7                ioq_full
                0x00000000c0005738                ioq_empty
                0x00000000c0005844                ioq_getchar
                0x00000000c0005912                ioq_putchar
 .text          0x00000000c00059e3      0x1b2 build/tss.o
                0x00000000c00059e3                update_tss_esp
                0x00000000c0005a74                tss_init
 .text          0x00000000c0005b95      0x3f1 build/process.o
                0x00000000c0005b95                start_process
                0x00000000c0005ca9                page_dir_activate
                0x00000000c0005cee                process_activate
                0x00000000c0005d51                create_page_dir
                0x00000000c0005dda                create_user_vaddr_bitmap
                0x00000000c0005e35                process_execute
 .text          0x00000000c0005f86       0x9c build/syscall.o
                0x00000000c0005f86                getpid
                0x00000000c0005fa5                write
                0x00000000c0005fd2                malloc
                0x00000000c0005ffb                free
 .text          0x00000000c0006022       0x9a build/syscall-init.o
                0x00000000c0006022                sys_getpid
                0x00000000c0006045                syscall_init
 .text          0x00000000c00060bc      0x2d5 build/stdio.o
                0x00000000c000614d                vsprintf
                0x00000000c00062d9                sprintf
                0x00000000c0006313                printf
 .text          0x00000000c0006391       0x6a build/stdio-kernel.o
                0x00000000c0006391                printk
 .text          0x00000000c00063fb      0xefc build/ide.o
                0x00000000c000677f                ide_read
                0x00000000c0006914                ide_write
                0x00000000c0006fcb                intr_hd_handler
                0x00000000c00070a3                ide_init
 .text          0x00000000c00072f7     0x2277 build/fs.o
                0x00000000c0007a3e                filesys_init
                0x00000000c0007cce                path_depth_cnt
                0x00000000c000801d                sys_open
                0x00000000c000829f                sys_write
                0x00000000c000839d                sys_read
                0x00000000c0008433                sys_lseek
                0x00000000c0008539                sys_unlink
                0x00000000c0008797                sys_mkdir
                0x00000000c0008bc9                sys_opendir
                0x00000000c0008cf9                sys_closedir
                0x00000000c0008d36                sys_readdir
                0x00000000c0008d83                sys_rewinddir
                0x00000000c0008d9d                sys_rmdir
                0x00000000c0009184                sys_getcwd
                0x00000000c0009389                sys_chdir
                0x00000000c0009427                sys_stat
 .text          0x00000000c000956e      0x7bb build/inode.o
                0x00000000c000961e                inode_sync
                0x00000000c000975a                inode_open
                0x00000000c00098af                inode_close
                0x00000000c000993a                inode_init
                0x00000000c000999a                inode_delete
                0x00000000c0009ac7                inode_release
 .text          0x00000000c0009d29     0x13ce build/file.o
                0x00000000c0009d29                get_free_slot_in_global
                0x00000000c0009d97                pcb_fd_install
                0x00000000c0009e15                inode_bitmap_alloc
                0x00000000c0009e6b                block_bitmap_alloc
                0x00000000c0009ecc                bitmap_sync
                0x00000000c0009f65                file_create
                0x00000000c000a26b                file_open
                0x00000000c000a3b2                file_close
                0x00000000c000a405                fd_local2global
                0x00000000c000a465                sys_close
                0x00000000c000a4d6                file_write
                0x00000000c000ad0d                file_read
 .text          0x00000000c000b0f7      0xf74 build/dir.o
                0x00000000c000b0f7                open_root_dir
                0x00000000c000b13e                dir_open
                0x00000000c000b18d                search_dir_entry
                0x00000000c000b376                dir_close
                0x00000000c000b3ba                create_dir_entry
                0x00000000c000b440                sync_dir_entry
                0x00000000c000b8af                delete_dir_entry
                0x00000000c000bd4f                dir_read
                0x00000000c000bf53                dir_is_empty
                0x00000000c000bf8b                dir_remove
 *(.gnu.warning)

.fini
 *(SORT_NONE(.fini))
                [!provide]                        PROVIDE (__etext = .)
                [!provide]                        PROVIDE (_etext = .)
                [!provide]                        PROVIDE (etext = .)

.rodata         0x00000000c000c06c     0x2183
 *(.rodata .rodata.* .gnu.linkonce.r.*)
 .rodata        0x00000000c000c06c      0x10c build/main.o
 .rodata        0x00000000c000c178        0xa build/init.o
 *fill*         0x00000000c000c182        0x2 
 .rodata        0x00000000c000c184      0x2cd build/interrupt.o
 *fill*         0x00000000c000c451        0x3 
 .rodata        0x00000000c000c454       0x88 build/timer.o
 .rodata        0x00000000c000c4dc       0x3f build/debug.o
 *fill*         0x00000000c000c51b        0x1 
 .rodata        0x00000000c000c51c       0xac build/string.o
 .rodata        0x00000000c000c5c8      0x3bd build/memory.o
 *fill*         0x00000000c000c985        0x3 
 .rodata        0x00000000c000c988       0x6b build/bitmap.o
 *fill*         0x00000000c000c9f3        0x1 
 .rodata        0x00000000c000c9f4      0x2df build/thread.o
 *fill*         0x00000000c000ccd3        0x1 
 .rodata        0x00000000c000ccd4      0x135 build/sync.o
 .rodata        0x00000000c000ce09       0x36 build/keyboard.o
 *fill*         0x00000000c000ce3f        0x1 
 .rodata        0x00000000c000ce40       0xa8 build/ioqueue.o
 .rodata        0x00000000c000cee8       0x27 build/tss.o
 *fill*         0x00000000c000cf0f        0x1 
 .rodata        0x00000000c000cf10       0xe0 build/process.o
 .rodata        0x00000000c000cff0       0x27 build/syscall-init.o
 *fill*         0x00000000c000d017        0x1 
 .rodata        0x00000000c000d018      0x211 build/ide.o
 *fill*         0x00000000c000d229        0x3 
 .rodata        0x00000000c000d22c      0x877 build/fs.o
 *fill*         0x00000000c000daa3        0x1 
 .rodata        0x00000000c000daa4       0xc2 build/inode.o
 *fill*         0x00000000c000db66        0x2 
 .rodata        0x00000000c000db68      0x476 build/file.o
 *fill*         0x00000000c000dfde        0x2 
 .rodata        0x00000000c000dfe0      0x20f build/dir.o

.rodata1
 *(.rodata1)

.eh_frame_hdr
 *(.eh_frame_hdr)
 *(.eh_frame_entry .eh_frame_entry.*)

.eh_frame       0x00000000c000e1f0     0x1b94
 *(.eh_frame)
 .eh_frame      0x00000000c000e1f0       0xc4 build/main.o
 .eh_frame      0x00000000c000e2b4       0x24 build/init.o
                                         0x50 (size before relaxing)
 .eh_frame      0x00000000c000e2d8      0x1b4 build/interrupt.o
                                        0x1e0 (size before relaxing)
 .eh_frame      0x00000000c000e48c       0xf0 build/timer.o
                                        0x130 (size before relaxing)
 .eh_frame      0x00000000c000e57c       0x1c build/debug.o
                                         0x48 (size before relaxing)
 .eh_frame      0x00000000c000e598      0x168 build/string.o
                                        0x194 (size before relaxing)
 .eh_frame      0x00000000c000e700      0x2dc build/memory.o
                                        0x31c (size before relaxing)
 .eh_frame      0x00000000c000e9dc       0x90 build/bitmap.o
                                         0xbc (size before relaxing)
 .eh_frame      0x00000000c000ea6c      0x1d8 build/thread.o
                                        0x218 (size before relaxing)
 .eh_frame      0x00000000c000ec44      0x148 build/list.o
                                        0x188 (size before relaxing)
 .eh_frame      0x00000000c000ed8c       0xdc build/sync.o
                                        0x11c (size before relaxing)
 .eh_frame      0x00000000c000ee68       0xd8 build/console.o
                                        0x118 (size before relaxing)
 .eh_frame      0x00000000c000ef40       0x68 build/keyboard.o
                                         0xa8 (size before relaxing)
 .eh_frame      0x00000000c000efa8      0x11c build/ioqueue.o
                                        0x15c (size before relaxing)
 .eh_frame      0x00000000c000f0c4       0x6c build/tss.o
                                         0xac (size before relaxing)
 .eh_frame      0x00000000c000f130       0xd8 build/process.o
                                        0x118 (size before relaxing)
 .eh_frame      0x00000000c000f208       0x8c build/syscall.o
                                         0xb8 (size before relaxing)
 .eh_frame      0x00000000c000f294       0x48 build/syscall-init.o
                                         0x88 (size before relaxing)
 .eh_frame      0x00000000c000f2dc       0x90 build/stdio.o
                                         0xd0 (size before relaxing)
 .eh_frame      0x00000000c000f36c       0x28 build/stdio-kernel.o
                                         0x54 (size before relaxing)
 .eh_frame      0x00000000c000f394      0x27c build/ide.o
                                        0x2bc (size before relaxing)
 .eh_frame      0x00000000c000f610      0x338 build/fs.o
                                        0x378 (size before relaxing)
 .eh_frame      0x00000000c000f948      0x100 build/inode.o
                                        0x140 (size before relaxing)
 .eh_frame      0x00000000c000fa48      0x1c0 build/file.o
                                        0x214 (size before relaxing)
 .eh_frame      0x00000000c000fc08      0x17c build/dir.o
                                        0x1bc (size before relaxing)
 *(.eh_frame.*)

.gcc_except_table
 *(.gcc_except_table .gcc_except_table.*)

.gnu_extab
 *(.gnu_extab*)

.exception_ranges
 *(.exception_ranges .exception_ranges*)
                0x00000000c0011000                . = DATA_SEGMENT_ALIGN (CONSTANT (MAXPAGESIZE), CONSTANT (COMMONPAGESIZE))

.eh_frame
 *(.eh_frame)
 *(.eh_frame.*)

.gnu_extab
 *(.gnu_extab)

.gcc_except_table
 *(.gcc_except_table .gcc_except_table.*)

.exception_ranges
 *(.exception_ranges .exception_ranges*)

.tdata
 *(.tdata .tdata.* .gnu.linkonce.td.*)

.tbss
 *(.tbss .tbss.* .gnu.linkonce.tb.*)
 *(.tcommon)

.preinit_array  0x00000000c0011000        0x0
                [!provide]                        PROVIDE (__preinit_array_start = .)
 *(.preinit_array)
                [!provide]                        PROVIDE (__preinit_array_end = .)

.init_array     0x00000000c0011000        0x0
                [!provide]                        PROVIDE (__init_array_start = .)
 *(SORT_BY_INIT_PRIORITY(.init_array.*) SORT_BY_INIT_PRIORITY(.ctors.*))
 *(.init_array EXCLUDE_FILE(*crtend?.o *crtend.o *crtbegin?.o *crtbegin.o) .ctors)
                [!provide]                        PROVIDE (__init_array_end = .)

.fini_array     0x00000000c0011000        0x0
                [!provide]                        PROVIDE (__fini_array_start = .)
 *(SORT_BY_INIT_PRIORITY(.fini_array.*) SORT_BY_INIT_PRIORITY(.dtors.*))
 *(.fini_array EXCLUDE_FILE(*crtend?.o *crtend.o *crtbegin?.o *crtbegin.o) .dtors)
                [!provide]                        PROVIDE (__fini_array_end = .)

.ctors
 *crtbegin.o(.ctors)
 *crtbegin?.o(.ctors)
 *(EXCLUDE_FILE(*crtend?.o *crtend.o) .ctors)
 *(SORT_BY_NAME(.ctors.*))
 *(.ctors)

.dtors
 *crtbegin.o(.dtors)
 *crtbegin?.o(.dtors)
 *(EXCLUDE_FILE(*crtend?.o *crtend.o) .dtors)
 *(SORT_BY_NAME(.dtors.*))
 *(.dtors)

.jcr
 *(.jcr)

.data.rel.ro
 *(.data.rel.ro.local* .gnu.linkonce.d.rel.ro.local.*)
 *(.data.rel.ro .data.rel.ro.* .gnu.linkonce.d.rel.ro.*)

.dynamic
 *(.dynamic)

.got            0x00000000c0011000        0x0
 *(.got)
 .got           0x00000000c0011000        0x0 build/main.o
 *(.igot)
                0x00000000c0011ff4                . = DATA_SEGMENT_RELRO_END (., (SIZEOF (.got.plt) >= 0xc)?0xc:0x0)

.got.plt        0x00000000c0011000        0xc
 *(.got.plt)
 .got.plt       0x00000000c0011000        0xc build/main.o
                0x00000000c0011000                _GLOBAL_OFFSET_TABLE_
 *(.igot.plt)
 .igot.plt      0x00000000c001100c        0x0 build/main.o

.data           0x00000000c0011020      0x136
 *(.data .data.* .gnu.linkonce.d.*)
 .data          0x00000000c0011020        0x0 build/main.o
 .data          0x00000000c0011020        0x0 build/init.o
 .data          0x00000000c0011020        0x0 build/interrupt.o
 .data          0x00000000c0011020        0x0 build/timer.o
 .data          0x00000000c0011020       0xc0 build/kernel.o
                0x00000000c0011020                intr_entry_table
 .data          0x00000000c00110e0        0x0 build/debug.o
 .data          0x00000000c00110e0        0x0 build/string.o
 .data          0x00000000c00110e0        0x0 build/memory.o
 .data          0x00000000c00110e0        0x0 build/bitmap.o
 .data          0x00000000c00110e0        0x0 build/thread.o
 .data          0x00000000c00110e0        0x0 build/list.o
 .data          0x00000000c00110e0        0x0 build/sync.o
 .data          0x00000000c00110e0        0x0 build/console.o
 .data          0x00000000c00110e0       0x76 build/keyboard.o
 .data          0x00000000c0011156        0x0 build/ioqueue.o
 .data          0x00000000c0011156        0x0 build/tss.o
 .data          0x00000000c0011156        0x0 build/process.o
 .data          0x00000000c0011156        0x0 build/syscall.o
 .data          0x00000000c0011156        0x0 build/syscall-init.o
 .data          0x00000000c0011156        0x0 build/stdio.o
 .data          0x00000000c0011156        0x0 build/stdio-kernel.o
 .data          0x00000000c0011156        0x0 build/ide.o
 .data          0x00000000c0011156        0x0 build/fs.o
 .data          0x00000000c0011156        0x0 build/inode.o
 .data          0x00000000c0011156        0x0 build/file.o
 .data          0x00000000c0011156        0x0 build/dir.o

.data1
 *(.data1)
                0x00000000c0011156                _edata = .
                [!provide]                        PROVIDE (edata = .)
                0x00000000c0011156                . = .
                0x00000000c0011156                __bss_start = .

.bss            0x00000000c0011160     0x1c28
 *(.dynbss)
 *(.bss .bss.* .gnu.linkonce.b.*)
 .bss           0x00000000c0011160        0x8 build/main.o
                0x00000000c0011160                prog_a_pid
                0x00000000c0011164                prog_b_pid
 .bss           0x00000000c0011168        0x0 build/init.o
 *fill*         0x00000000c0011168       0x18 
 .bss           0x00000000c0011180      0x408 build/interrupt.o
 .bss           0x00000000c0011588        0x0 build/timer.o
 .bss           0x00000000c0011588        0x0 build/debug.o
 .bss           0x00000000c0011588        0x0 build/string.o
 .bss           0x00000000c0011588        0x0 build/memory.o
 .bss           0x00000000c0011588        0x0 build/bitmap.o
 .bss           0x00000000c0011588        0x6 build/thread.o
 .bss           0x00000000c001158e        0x0 build/list.o
 .bss           0x00000000c001158e        0x0 build/sync.o
 *fill*         0x00000000c001158e        0x2 
 .bss           0x00000000c0011590       0x1c build/console.o
 .bss           0x00000000c00115ac       0x14 build/keyboard.o
 .bss           0x00000000c00115c0        0x0 build/ioqueue.o
 .bss           0x00000000c00115c0       0x6c build/tss.o
 .bss           0x00000000c001162c        0x0 build/process.o
 .bss           0x00000000c001162c        0x0 build/syscall.o
 .bss           0x00000000c001162c        0x0 build/syscall-init.o
 .bss           0x00000000c001162c        0x0 build/stdio.o
 .bss           0x00000000c001162c        0x0 build/stdio-kernel.o
 .bss           0x00000000c001162c        0x6 build/ide.o
                0x00000000c001162c                ext_lba_base
                0x00000000c0011630                p_no
                0x00000000c0011631                l_no
 .bss           0x00000000c0011632        0x0 build/fs.o
 .bss           0x00000000c0011632        0x0 build/inode.o
 .bss           0x00000000c0011632        0x0 build/file.o
 .bss           0x00000000c0011632        0x0 build/dir.o
 *(COMMON)
 *fill*         0x00000000c0011632        0xe 
 COMMON         0x00000000c0011640      0x424 build/interrupt.o
                0x00000000c0011640                intr_name
                0x00000000c0011860                idt_table
 COMMON         0x00000000c0011a64        0x4 build/timer.o
                0x00000000c0011a64                ticks
 *fill*         0x00000000c0011a68       0x18 
 COMMON         0x00000000c0011a80      0x12c build/memory.o
                0x00000000c0011a80                user_pool
                0x00000000c0011ac0                k_block_descs
                0x00000000c0011b68                kernel_vaddr
                0x00000000c0011b80                kernel_pool
 COMMON         0x00000000c0011bac       0x44 build/thread.o
                0x00000000c0011bac                thread_ready_list
                0x00000000c0011bbc                thread_all_list
                0x00000000c0011bcc                idle_thread
                0x00000000c0011bd0                main_thread
                0x00000000c0011bd4                pid_lock
 *fill*         0x00000000c0011bf0       0x10 
 COMMON         0x00000000c0011c00       0x6c build/keyboard.o
                0x00000000c0011c00                kbd_buf
 *fill*         0x00000000c0011c6c       0x14 
 COMMON         0x00000000c0011c80       0x80 build/syscall-init.o
                0x00000000c0011c80                syscall_table
 COMMON         0x00000000c0011d00      0xcf0 build/ide.o
                0x00000000c0011d00                channel_cnt
                0x00000000c0011d20                channels
                0x00000000c00129e0                partition_list
 COMMON         0x00000000c00129f0        0x4 build/fs.o
                0x00000000c00129f0                cur_part
 *fill*         0x00000000c00129f4        0xc 
 COMMON         0x00000000c0012a00      0x180 build/file.o
                0x00000000c0012a00                file_table
 COMMON         0x00000000c0012b80      0x208 build/dir.o
                0x00000000c0012b80                root_dir
                0x00000000c0012d88                . = ALIGN ((. != 0x0)?0x4:0x1)
                0x00000000c0012d88                . = ALIGN (0x4)
                0x00000000c0012d88                . = SEGMENT_START ("ldata-segment", .)
                0x00000000c0012d88                . = ALIGN (0x4)
                0x00000000c0012d88                _end = .
                [!provide]                        PROVIDE (end = .)
                0x00000000c0012d88                . = DATA_SEGMENT_END (.)

.stab
 *(.stab)

.stabstr
 *(.stabstr)

.stab.excl
 *(.stab.excl)

.stab.exclstr
 *(.stab.exclstr)

.stab.index
 *(.stab.index)

.stab.indexstr
 *(.stab.indexstr)

.comment        0x0000000000000000       0x29
 *(.comment)
 .comment       0x0000000000000000       0x29 build/main.o
                                         0x2a (size before relaxing)
 .comment       0x0000000000000029       0x2a build/init.o
 .comment       0x0000000000000029       0x2a build/interrupt.o
 .comment       0x0000000000000029       0x2a build/timer.o
 .comment       0x0000000000000029       0x2a build/debug.o
 .comment       0x0000000000000029       0x2a build/string.o
 .comment       0x0000000000000029       0x2a build/memory.o
 .comment       0x0000000000000029       0x2a build/bitmap.o
 .comment       0x0000000000000029       0x2a build/thread.o
 .comment       0x0000000000000029       0x2a build/list.o
 .comment       0x0000000000000029       0x2a build/sync.o
 .comment       0x0000000000000029       0x2a build/console.o
 .comment       0x0000000000000029       0x2a build/keyboard.o
 .comment       0x0000000000000029       0x2a build/ioqueue.o
 .comment       0x0000000000000029       0x2a build/tss.o
 .comment       0x0000000000000029       0x2a build/process.o
 .comment       0x0000000000000029       0x2a build/syscall.o
 .comment       0x0000000000000029       0x2a build/syscall-init.o
 .comment       0x0000000000000029       0x2a build/stdio.o
 .comment       0x0000000000000029       0x2a build/stdio-kernel.o
 .comment       0x0000000000000029       0x2a build/ide.o
 .comment       0x0000000000000029       0x2a build/fs.o
 .comment       0x0000000000000029       0x2a build/inode.o
 .comment       0x0000000000000029       0x2a build/file.o
 .comment       0x0000000000000029       0x2a build/dir.o

.debug
 *(.debug)

.line
 *(.line)

.debug_srcinfo
 *(.debug_srcinfo)

.debug_sfnames
 *(.debug_sfnames)

.debug_aranges
 *(.debug_aranges)

.debug_pubnames
 *(.debug_pubnames)

.debug_info
 *(.debug_info .gnu.linkonce.wi.*)

.debug_abbrev
 *(.debug_abbrev)

.debug_line
 *(.debug_line .debug_line.* .debug_line_end)

.debug_frame
 *(.debug_frame)

.debug_str
 *(.debug_str)

.debug_loc
 *(.debug_loc)

.debug_macinfo
 *(.debug_macinfo)

.debug_weaknames
 *(.debug_weaknames)

.debug_funcnames
 *(.debug_funcnames)

.debug_typenames
 *(.debug_typenames)

.debug_varnames
 *(.debug_varnames)

.debug_pubtypes
 *(.debug_pubtypes)

.debug_ranges
 *(.debug_ranges)

.debug_macro
 *(.debug_macro)

.debug_addr
 *(.debug_addr)

.gnu.attributes
 *(.gnu.attributes)

/DISCARD/
 *(.note.GNU-stack)
 *(.gnu_debuglink)
 *(.gnu.lto_*)
OUTPUT(build/kernel.bin elf32-i386)
