
Allocating common symbols
Common symbol       size              file

kbd_buf             0x6c              build/keyboard.o
thread_ready_list   0x10              build/thread.o
thread_all_list     0x10              build/thread.o
user_pool           0x2c              build/memory.o
intr_name           0xc0              build/interrupt.o
main_thread         0x4               build/thread.o
ticks               0x4               build/timer.o
kernel_vaddr        0xc               build/memory.o
idt_table           0xc0              build/interrupt.o
kernel_pool         0x2c              build/memory.o

Discarded input sections

 .group         0x0000000000000000        0x8 build/main.o
 .group         0x0000000000000000        0x8 build/main.o
 .note.GNU-stack
                0x0000000000000000        0x0 build/main.o
 .group         0x0000000000000000        0x8 build/init.o
 .text.__x86.get_pc_thunk.bx
                0x0000000000000000        0x4 build/init.o
 .note.GNU-stack
                0x0000000000000000        0x0 build/init.o
 .group         0x0000000000000000        0x8 build/interrupt.o
 .group         0x0000000000000000        0x8 build/interrupt.o
 .text.__x86.get_pc_thunk.ax
                0x0000000000000000        0x4 build/interrupt.o
 .text.__x86.get_pc_thunk.bx
                0x0000000000000000        0x4 build/interrupt.o
 .note.GNU-stack
                0x0000000000000000        0x0 build/interrupt.o
 .group         0x0000000000000000        0x8 build/timer.o
 .group         0x0000000000000000        0x8 build/timer.o
 .text.__x86.get_pc_thunk.ax
                0x0000000000000000        0x4 build/timer.o
 .text.__x86.get_pc_thunk.bx
                0x0000000000000000        0x4 build/timer.o
 .note.GNU-stack
                0x0000000000000000        0x0 build/timer.o
 .group         0x0000000000000000        0x8 build/debug.o
 .text.__x86.get_pc_thunk.bx
                0x0000000000000000        0x4 build/debug.o
 .note.GNU-stack
                0x0000000000000000        0x0 build/debug.o
 .group         0x0000000000000000        0x8 build/string.o
 .text.__x86.get_pc_thunk.ax
                0x0000000000000000        0x4 build/string.o
 .note.GNU-stack
                0x0000000000000000        0x0 build/string.o
 .group         0x0000000000000000        0x8 build/memory.o
 .group         0x0000000000000000        0x8 build/memory.o
 .text.__x86.get_pc_thunk.ax
                0x0000000000000000        0x4 build/memory.o
 .text.__x86.get_pc_thunk.bx
                0x0000000000000000        0x4 build/memory.o
 .note.GNU-stack
                0x0000000000000000        0x0 build/memory.o
 .group         0x0000000000000000        0x8 build/bitmap.o
 .text.__x86.get_pc_thunk.ax
                0x0000000000000000        0x4 build/bitmap.o
 .note.GNU-stack
                0x0000000000000000        0x0 build/bitmap.o
 .group         0x0000000000000000        0x8 build/thread.o
 .group         0x0000000000000000        0x8 build/thread.o
 .group         0x0000000000000000        0x8 build/thread.o
 .text.__x86.get_pc_thunk.ax
                0x0000000000000000        0x4 build/thread.o
 .text.__x86.get_pc_thunk.bx
                0x0000000000000000        0x4 build/thread.o
 .note.GNU-stack
                0x0000000000000000        0x0 build/thread.o
 .group         0x0000000000000000        0x8 build/list.o
 .group         0x0000000000000000        0x8 build/list.o
 .text.__x86.get_pc_thunk.ax
                0x0000000000000000        0x4 build/list.o
 .text.__x86.get_pc_thunk.bx
                0x0000000000000000        0x4 build/list.o
 .note.GNU-stack
                0x0000000000000000        0x0 build/list.o
 .group         0x0000000000000000        0x8 build/sync.o
 .group         0x0000000000000000        0x8 build/sync.o
 .text.__x86.get_pc_thunk.ax
                0x0000000000000000        0x4 build/sync.o
 .text.__x86.get_pc_thunk.bx
                0x0000000000000000        0x4 build/sync.o
 .note.GNU-stack
                0x0000000000000000        0x0 build/sync.o
 .group         0x0000000000000000        0x8 build/console.o
 .group         0x0000000000000000        0x8 build/console.o
 .text.__x86.get_pc_thunk.ax
                0x0000000000000000        0x4 build/console.o
 .text.__x86.get_pc_thunk.bx
                0x0000000000000000        0x4 build/console.o
 .note.GNU-stack
                0x0000000000000000        0x0 build/console.o
 .group         0x0000000000000000        0x8 build/keyboard.o
 .group         0x0000000000000000        0x8 build/keyboard.o
 .text.__x86.get_pc_thunk.ax
                0x0000000000000000        0x4 build/keyboard.o
 .text.__x86.get_pc_thunk.bx
                0x0000000000000000        0x4 build/keyboard.o
 .note.GNU-stack
                0x0000000000000000        0x0 build/keyboard.o
 .group         0x0000000000000000        0x8 build/ioqueue.o
 .group         0x0000000000000000        0x8 build/ioqueue.o
 .text.__x86.get_pc_thunk.ax
                0x0000000000000000        0x4 build/ioqueue.o
 .text.__x86.get_pc_thunk.bx
                0x0000000000000000        0x4 build/ioqueue.o
 .note.GNU-stack
                0x0000000000000000        0x0 build/ioqueue.o
 .group         0x0000000000000000        0x8 build/tss.o
 .group         0x0000000000000000        0x8 build/tss.o
 .text.__x86.get_pc_thunk.ax
                0x0000000000000000        0x4 build/tss.o
 .text.__x86.get_pc_thunk.bx
                0x0000000000000000        0x4 build/tss.o
 .note.GNU-stack
                0x0000000000000000        0x0 build/tss.o
 .group         0x0000000000000000        0x8 build/process.o
 .group         0x0000000000000000        0x8 build/process.o
 .text.__x86.get_pc_thunk.ax
                0x0000000000000000        0x4 build/process.o
 .text.__x86.get_pc_thunk.bx
                0x0000000000000000        0x4 build/process.o
 .note.GNU-stack
                0x0000000000000000        0x0 build/process.o

Memory Configuration

Name             Origin             Length             Attributes
*default*        0x0000000000000000 0xffffffffffffffff

Linker script and memory map

Address of section .text set to 0xc0001500
LOAD build/main.o
LOAD build/init.o
LOAD build/interrupt.o
LOAD build/timer.o
LOAD build/kernel.o
LOAD build/print.o
LOAD build/switch.o
LOAD build/debug.o
LOAD build/string.o
LOAD build/memory.o
LOAD build/bitmap.o
LOAD build/thread.o
LOAD build/list.o
LOAD build/sync.o
LOAD build/console.o
LOAD build/keyboard.o
LOAD build/ioqueue.o
LOAD build/tss.o
LOAD build/process.o
                [!provide]                        PROVIDE (__executable_start = SEGMENT_START ("text-segment", 0x8048000))
                0x0000000008048094                . = (SEGMENT_START ("text-segment", 0x8048000) + SIZEOF_HEADERS)

.interp
 *(.interp)

.note.gnu.build-id
 *(.note.gnu.build-id)

.hash
 *(.hash)

.gnu.hash
 *(.gnu.hash)

.dynsym
 *(.dynsym)

.dynstr
 *(.dynstr)

.gnu.version
 *(.gnu.version)

.gnu.version_d
 *(.gnu.version_d)

.gnu.version_r
 *(.gnu.version_r)

.rel.dyn        0x0000000008048094        0x0
 *(.rel.init)
 *(.rel.text .rel.text.* .rel.gnu.linkonce.t.*)
 .rel.text      0x0000000008048094        0x0 build/main.o
 *(.rel.fini)
 *(.rel.rodata .rel.rodata.* .rel.gnu.linkonce.r.*)
 *(.rel.data.rel.ro .rel.data.rel.ro.* .rel.gnu.linkonce.d.rel.ro.*)
 *(.rel.data .rel.data.* .rel.gnu.linkonce.d.*)
 *(.rel.tdata .rel.tdata.* .rel.gnu.linkonce.td.*)
 *(.rel.tbss .rel.tbss.* .rel.gnu.linkonce.tb.*)
 *(.rel.ctors)
 *(.rel.dtors)
 *(.rel.got)
 .rel.got       0x0000000008048094        0x0 build/main.o
 *(.rel.bss .rel.bss.* .rel.gnu.linkonce.b.*)
 *(.rel.ifunc)

.rel.plt        0x0000000008048094        0x0
 *(.rel.plt)
                [!provide]                        PROVIDE (__rel_iplt_start = .)
 *(.rel.iplt)
 .rel.iplt      0x0000000008048094        0x0 build/main.o
                [!provide]                        PROVIDE (__rel_iplt_end = .)

.init
 *(SORT_NONE(.init))

.plt            0x0000000008048098        0x0
 *(.plt)
 *(.iplt)
 .iplt          0x0000000008048098        0x0 build/main.o

.plt.got
 *(.plt.got)

.plt.sec
 *(.plt.sec)

.text           0x00000000c0001500     0x3abb
 *(.text.unlikely .text.*_unlikely .text.unlikely.*)
 *(.text.exit .text.exit.*)
 *(.text.startup .text.startup.*)
 *(.text.hot .text.hot.*)
 *(.text .stub .text.* .gnu.linkonce.t.*)
 .text          0x00000000c0001500      0x160 build/main.o
                0x00000000c0001500                main
                0x00000000c00015a8                k_thread_a
                0x00000000c00015e6                k_thread_b
                0x00000000c0001624                u_prog_a
                0x00000000c0001642                u_prog_b
 .text.__x86.get_pc_thunk.ax
                0x00000000c0001660        0x4 build/main.o
                0x00000000c0001660                __x86.get_pc_thunk.ax
 .text.__x86.get_pc_thunk.bx
                0x00000000c0001664        0x4 build/main.o
                0x00000000c0001664                __x86.get_pc_thunk.bx
 .text          0x00000000c0001668       0x4d build/init.o
                0x00000000c0001668                init_all
 .text          0x00000000c00016b5      0x54f build/interrupt.o
                0x00000000c0001aa6                intr_enable
                0x00000000c0001ad9                intr_disable
                0x00000000c0001b0c                intr_set_status
                0x00000000c0001b34                intr_get_status
                0x00000000c0001b5b                register_handler
                0x00000000c0001b84                idt_init
 .text          0x00000000c0001c04      0x1b8 build/timer.o
                0x00000000c0001d54                timer_init
 *fill*         0x00000000c0001dbc        0x4 
 .text          0x00000000c0001dc0      0x537 build/kernel.o
                0x00000000c0001dc0                intr_exit
 *fill*         0x00000000c00022f7        0x9 
 .text          0x00000000c0002300      0x178 build/print.o
                0x00000000c0002308                put_str
                0x00000000c0002326                put_char
                0x00000000c00023f3                put_int
                0x00000000c0002454                set_cursor
 *fill*         0x00000000c0002478        0x8 
 .text          0x00000000c0002480       0x15 build/switch.o
                0x00000000c0002480                switch_to
 .text          0x00000000c0002495       0xf4 build/debug.o
                0x00000000c0002495                panic_spin
 .text          0x00000000c0002589      0x4ac build/string.o
                0x00000000c0002589                memset
                0x00000000c00025f1                memcpy
                0x00000000c0002667                memcmp
                0x00000000c0002700                strcpy
                0x00000000c000276b                strlen
                0x00000000c00027cc                strcmp
                0x00000000c000285b                strchr
                0x00000000c00028c9                strrchr
                0x00000000c000293d                strcat
                0x00000000c00029bd                strchrs
 .text          0x00000000c0002a35      0x960 build/memory.o
                0x00000000c0002b68                pte_ptr
                0x00000000c0002ba2                pde_ptr
                0x00000000c0002d59                malloc_page
                0x00000000c0002e32                get_kernel_pages
                0x00000000c0002ea6                get_user_pages
                0x00000000c0002f14                get_a_page
                0x00000000c000309e                addr_v2p
                0x00000000c0003341                mem_init
 .text          0x00000000c0003395      0x28d build/bitmap.o
                0x00000000c0003395                bitmap_init
                0x00000000c00033c8                bitmap_scan_test
                0x00000000c0003412                bitmap_scan
                0x00000000c000355a                bitmap_set
 .text          0x00000000c0003622      0x65b build/thread.o
                0x00000000c0003622                running_thread
                0x00000000c000366d                thread_create
                0x00000000c00036f1                init_thread
                0x00000000c0003796                thread_start
                0x00000000c0003935                schedule
                0x00000000c0003a7f                thread_block
                0x00000000c0003af7                thread_unblock
                0x00000000c0003c18                thread_init
 .text.__x86.get_pc_thunk.dx
                0x00000000c0003c7d        0x4 build/thread.o
                0x00000000c0003c7d                __x86.get_pc_thunk.dx
 .text          0x00000000c0003c81      0x25f build/list.o
                0x00000000c0003c81                list_init
                0x00000000c0003cb9                list_insert_before
                0x00000000c0003d0d                list_push
                0x00000000c0003d35                list_append
                0x00000000c0003d5d                list_remove
                0x00000000c0003da6                list_pop
                0x00000000c0003dd2                elem_find
                0x00000000c0003e17                list_traversal
                0x00000000c0003e7e                list_len
                0x00000000c0003ebd                list_empty
 .text          0x00000000c0003ee0      0x391 build/sync.o
                0x00000000c0003ee0                sema_init
                0x00000000c0003f1a                lock_init
                0x00000000c0003f54                sema_down
                0x00000000c0004070                sema_up
                0x00000000c000413a                lock_acquire
                0x00000000c00041c2                lock_release
 .text          0x00000000c0004271      0x119 build/console.o
                0x00000000c0004271                console_init
                0x00000000c000429c                console_acquire
                0x00000000c00042c7                console_release
                0x00000000c00042f2                console_put_str
                0x00000000c0004322                console_put_char
                0x00000000c000435a                console_put_int
 .text          0x00000000c000438a      0x32f build/keyboard.o
                0x00000000c0004657                keyboard_init
 .text          0x00000000c00046b9      0x382 build/ioqueue.o
                0x00000000c00046b9                ioqueue_init
                0x00000000c000472f                ioq_full
                0x00000000c0004790                ioq_empty
                0x00000000c000489c                ioq_getchar
                0x00000000c000496a                ioq_putchar
 .text          0x00000000c0004a3b      0x1b2 build/tss.o
                0x00000000c0004a3b                update_tss_esp
                0x00000000c0004acc                tss_init
 .text          0x00000000c0004bed      0x3ce build/process.o
                0x00000000c0004bed                start_process
                0x00000000c0004d01                page_dir_activate
                0x00000000c0004d46                process_activate
                0x00000000c0004da9                create_page_dir
                0x00000000c0004e32                create_user_vaddr_bitmap
                0x00000000c0004e8d                process_execute
 *(.gnu.warning)

.fini
 *(SORT_NONE(.fini))
                [!provide]                        PROVIDE (__etext = .)
                [!provide]                        PROVIDE (_etext = .)
                [!provide]                        PROVIDE (etext = .)

.rodata         0x00000000c0004fbc      0xcb8
 *(.rodata .rodata.* .gnu.linkonce.r.*)
 .rodata        0x00000000c0004fbc       0x57 build/main.o
 .rodata        0x00000000c0005013        0xa build/init.o
 *fill*         0x00000000c000501d        0x3 
 .rodata        0x00000000c0005020      0x2cd build/interrupt.o
 *fill*         0x00000000c00052ed        0x3 
 .rodata        0x00000000c00052f0       0x6b build/timer.o
 .rodata        0x00000000c000535b       0x3f build/debug.o
 *fill*         0x00000000c000539a        0x2 
 .rodata        0x00000000c000539c       0xac build/string.o
 .rodata        0x00000000c0005448      0x1d7 build/memory.o
 *fill*         0x00000000c000561f        0x1 
 .rodata        0x00000000c0005620       0x6b build/bitmap.o
 *fill*         0x00000000c000568b        0x1 
 .rodata        0x00000000c000568c      0x2cb build/thread.o
 *fill*         0x00000000c0005957        0x1 
 .rodata        0x00000000c0005958      0x135 build/sync.o
 .rodata        0x00000000c0005a8d       0x36 build/keyboard.o
 *fill*         0x00000000c0005ac3        0x1 
 .rodata        0x00000000c0005ac4       0xa8 build/ioqueue.o
 .rodata        0x00000000c0005b6c       0x27 build/tss.o
 *fill*         0x00000000c0005b93        0x1 
 .rodata        0x00000000c0005b94       0xe0 build/process.o

.rodata1
 *(.rodata1)

.eh_frame_hdr
 *(.eh_frame_hdr)
 *(.eh_frame_entry .eh_frame_entry.*)

.eh_frame       0x00000000c0005c74      0xe20
 *(.eh_frame)
 .eh_frame      0x00000000c0005c74       0xd8 build/main.o
 .eh_frame      0x00000000c0005d4c       0x24 build/init.o
                                         0x50 (size before relaxing)
 .eh_frame      0x00000000c0005d70      0x1a0 build/interrupt.o
                                        0x1e0 (size before relaxing)
 .eh_frame      0x00000000c0005f10       0x94 build/timer.o
                                         0xd4 (size before relaxing)
 .eh_frame      0x00000000c0005fa4       0x1c build/debug.o
                                         0x48 (size before relaxing)
 .eh_frame      0x00000000c0005fc0      0x168 build/string.o
                                        0x194 (size before relaxing)
 .eh_frame      0x00000000c0006128      0x1a4 build/memory.o
                                        0x1e4 (size before relaxing)
 .eh_frame      0x00000000c00062cc       0x90 build/bitmap.o
                                         0xbc (size before relaxing)
 .eh_frame      0x00000000c000635c      0x174 build/thread.o
                                        0x1b4 (size before relaxing)
 .eh_frame      0x00000000c00064d0      0x148 build/list.o
                                        0x188 (size before relaxing)
 .eh_frame      0x00000000c0006618       0xdc build/sync.o
                                        0x11c (size before relaxing)
 .eh_frame      0x00000000c00066f4       0xd8 build/console.o
                                        0x118 (size before relaxing)
 .eh_frame      0x00000000c00067cc       0x68 build/keyboard.o
                                         0xa8 (size before relaxing)
 .eh_frame      0x00000000c0006834      0x11c build/ioqueue.o
                                        0x15c (size before relaxing)
 .eh_frame      0x00000000c0006950       0x6c build/tss.o
                                         0xac (size before relaxing)
 .eh_frame      0x00000000c00069bc       0xd8 build/process.o
                                        0x118 (size before relaxing)
 *(.eh_frame.*)

.gcc_except_table
 *(.gcc_except_table .gcc_except_table.*)

.gnu_extab
 *(.gnu_extab*)

.exception_ranges
 *(.exception_ranges .exception_ranges*)
                0x00000000c0008000                . = DATA_SEGMENT_ALIGN (CONSTANT (MAXPAGESIZE), CONSTANT (COMMONPAGESIZE))

.eh_frame
 *(.eh_frame)
 *(.eh_frame.*)

.gnu_extab
 *(.gnu_extab)

.gcc_except_table
 *(.gcc_except_table .gcc_except_table.*)

.exception_ranges
 *(.exception_ranges .exception_ranges*)

.tdata
 *(.tdata .tdata.* .gnu.linkonce.td.*)

.tbss
 *(.tbss .tbss.* .gnu.linkonce.tb.*)
 *(.tcommon)

.preinit_array  0x00000000c0008000        0x0
                [!provide]                        PROVIDE (__preinit_array_start = .)
 *(.preinit_array)
                [!provide]                        PROVIDE (__preinit_array_end = .)

.init_array     0x00000000c0008000        0x0
                [!provide]                        PROVIDE (__init_array_start = .)
 *(SORT_BY_INIT_PRIORITY(.init_array.*) SORT_BY_INIT_PRIORITY(.ctors.*))
 *(.init_array EXCLUDE_FILE(*crtend?.o *crtend.o *crtbegin?.o *crtbegin.o) .ctors)
                [!provide]                        PROVIDE (__init_array_end = .)

.fini_array     0x00000000c0008000        0x0
                [!provide]                        PROVIDE (__fini_array_start = .)
 *(SORT_BY_INIT_PRIORITY(.fini_array.*) SORT_BY_INIT_PRIORITY(.dtors.*))
 *(.fini_array EXCLUDE_FILE(*crtend?.o *crtend.o *crtbegin?.o *crtbegin.o) .dtors)
                [!provide]                        PROVIDE (__fini_array_end = .)

.ctors
 *crtbegin.o(.ctors)
 *crtbegin?.o(.ctors)
 *(EXCLUDE_FILE(*crtend?.o *crtend.o) .ctors)
 *(SORT_BY_NAME(.ctors.*))
 *(.ctors)

.dtors
 *crtbegin.o(.dtors)
 *crtbegin?.o(.dtors)
 *(EXCLUDE_FILE(*crtend?.o *crtend.o) .dtors)
 *(SORT_BY_NAME(.dtors.*))
 *(.dtors)

.jcr
 *(.jcr)

.data.rel.ro
 *(.data.rel.ro.local* .gnu.linkonce.d.rel.ro.local.*)
 *(.data.rel.ro .data.rel.ro.* .gnu.linkonce.d.rel.ro.*)

.dynamic
 *(.dynamic)

.got            0x00000000c0008000        0x0
 *(.got)
 .got           0x00000000c0008000        0x0 build/main.o
 *(.igot)
                0x00000000c0008ff4                . = DATA_SEGMENT_RELRO_END (., (SIZEOF (.got.plt) >= 0xc)?0xc:0x0)

.got.plt        0x00000000c0008000        0xc
 *(.got.plt)
 .got.plt       0x00000000c0008000        0xc build/main.o
                0x00000000c0008000                _GLOBAL_OFFSET_TABLE_
 *(.igot.plt)
 .igot.plt      0x00000000c000800c        0x0 build/main.o

.data           0x00000000c0008020      0x136
 *(.data .data.* .gnu.linkonce.d.*)
 .data          0x00000000c0008020        0x0 build/main.o
 .data          0x00000000c0008020        0x0 build/init.o
 .data          0x00000000c0008020        0x0 build/interrupt.o
 .data          0x00000000c0008020        0x0 build/timer.o
 .data          0x00000000c0008020       0xc0 build/kernel.o
                0x00000000c0008020                intr_entry_table
 .data          0x00000000c00080e0        0x0 build/debug.o
 .data          0x00000000c00080e0        0x0 build/string.o
 .data          0x00000000c00080e0        0x0 build/memory.o
 .data          0x00000000c00080e0        0x0 build/bitmap.o
 .data          0x00000000c00080e0        0x0 build/thread.o
 .data          0x00000000c00080e0        0x0 build/list.o
 .data          0x00000000c00080e0        0x0 build/sync.o
 .data          0x00000000c00080e0        0x0 build/console.o
 .data          0x00000000c00080e0       0x76 build/keyboard.o
 .data          0x00000000c0008156        0x0 build/ioqueue.o
 .data          0x00000000c0008156        0x0 build/tss.o
 .data          0x00000000c0008156        0x0 build/process.o

.data1
 *(.data1)
                0x00000000c0008156                _edata = .
                [!provide]                        PROVIDE (edata = .)
                0x00000000c0008156                . = .
                0x00000000c0008156                __bss_start = .

.bss            0x00000000c0008160      0x50c
 *(.dynbss)
 *(.bss .bss.* .gnu.linkonce.b.*)
 .bss           0x00000000c0008160        0x8 build/main.o
                0x00000000c0008160                test_var_a
                0x00000000c0008164                test_var_b
 .bss           0x00000000c0008168        0x0 build/init.o
 *fill*         0x00000000c0008168       0x18 
 .bss           0x00000000c0008180      0x180 build/interrupt.o
 .bss           0x00000000c0008300        0x0 build/timer.o
 .bss           0x00000000c0008300        0x0 build/debug.o
 .bss           0x00000000c0008300        0x0 build/string.o
 .bss           0x00000000c0008300        0x0 build/memory.o
 .bss           0x00000000c0008300        0x0 build/bitmap.o
 .bss           0x00000000c0008300        0x4 build/thread.o
 .bss           0x00000000c0008304        0x0 build/list.o
 .bss           0x00000000c0008304        0x0 build/sync.o
 .bss           0x00000000c0008304       0x1c build/console.o
 .bss           0x00000000c0008320       0x14 build/keyboard.o
 .bss           0x00000000c0008334        0x0 build/ioqueue.o
 *fill*         0x00000000c0008334        0xc 
 .bss           0x00000000c0008340       0x6c build/tss.o
 .bss           0x00000000c00083ac        0x0 build/process.o
 *(COMMON)
 *fill*         0x00000000c00083ac       0x14 
 COMMON         0x00000000c00083c0      0x180 build/interrupt.o
                0x00000000c00083c0                intr_name
                0x00000000c0008480                idt_table
 COMMON         0x00000000c0008540        0x4 build/timer.o
                0x00000000c0008540                ticks
 *fill*         0x00000000c0008544       0x1c 
 COMMON         0x00000000c0008560       0x6c build/memory.o
                0x00000000c0008560                user_pool
                0x00000000c000858c                kernel_vaddr
                0x00000000c00085a0                kernel_pool
 COMMON         0x00000000c00085cc       0x24 build/thread.o
                0x00000000c00085cc                thread_ready_list
                0x00000000c00085dc                thread_all_list
                0x00000000c00085ec                main_thread
 *fill*         0x00000000c00085f0       0x10 
 COMMON         0x00000000c0008600       0x6c build/keyboard.o
                0x00000000c0008600                kbd_buf
                0x00000000c000866c                . = ALIGN ((. != 0x0)?0x4:0x1)
                0x00000000c000866c                . = ALIGN (0x4)
                0x00000000c000866c                . = SEGMENT_START ("ldata-segment", .)
                0x00000000c000866c                . = ALIGN (0x4)
                0x00000000c000866c                _end = .
                [!provide]                        PROVIDE (end = .)
                0x00000000c000866c                . = DATA_SEGMENT_END (.)

.stab
 *(.stab)

.stabstr
 *(.stabstr)

.stab.excl
 *(.stab.excl)

.stab.exclstr
 *(.stab.exclstr)

.stab.index
 *(.stab.index)

.stab.indexstr
 *(.stab.indexstr)

.comment        0x0000000000000000       0x29
 *(.comment)
 .comment       0x0000000000000000       0x29 build/main.o
                                         0x2a (size before relaxing)
 .comment       0x0000000000000029       0x2a build/init.o
 .comment       0x0000000000000029       0x2a build/interrupt.o
 .comment       0x0000000000000029       0x2a build/timer.o
 .comment       0x0000000000000029       0x2a build/debug.o
 .comment       0x0000000000000029       0x2a build/string.o
 .comment       0x0000000000000029       0x2a build/memory.o
 .comment       0x0000000000000029       0x2a build/bitmap.o
 .comment       0x0000000000000029       0x2a build/thread.o
 .comment       0x0000000000000029       0x2a build/list.o
 .comment       0x0000000000000029       0x2a build/sync.o
 .comment       0x0000000000000029       0x2a build/console.o
 .comment       0x0000000000000029       0x2a build/keyboard.o
 .comment       0x0000000000000029       0x2a build/ioqueue.o
 .comment       0x0000000000000029       0x2a build/tss.o
 .comment       0x0000000000000029       0x2a build/process.o

.debug
 *(.debug)

.line
 *(.line)

.debug_srcinfo
 *(.debug_srcinfo)

.debug_sfnames
 *(.debug_sfnames)

.debug_aranges
 *(.debug_aranges)

.debug_pubnames
 *(.debug_pubnames)

.debug_info
 *(.debug_info .gnu.linkonce.wi.*)

.debug_abbrev
 *(.debug_abbrev)

.debug_line
 *(.debug_line .debug_line.* .debug_line_end)

.debug_frame
 *(.debug_frame)

.debug_str
 *(.debug_str)

.debug_loc
 *(.debug_loc)

.debug_macinfo
 *(.debug_macinfo)

.debug_weaknames
 *(.debug_weaknames)

.debug_funcnames
 *(.debug_funcnames)

.debug_typenames
 *(.debug_typenames)

.debug_varnames
 *(.debug_varnames)

.debug_pubtypes
 *(.debug_pubtypes)

.debug_ranges
 *(.debug_ranges)

.debug_macro
 *(.debug_macro)

.debug_addr
 *(.debug_addr)

.gnu.attributes
 *(.gnu.attributes)

/DISCARD/
 *(.note.GNU-stack)
 *(.gnu_debuglink)
 *(.gnu.lto_*)
OUTPUT(build/kernel.bin elf32-i386)
