
Allocating common symbols
Common symbol       size              file

user_pool           0x10              build/memory.o
intr_name           0x84              build/interrupt.o
kernel_vaddr        0xc               build/memory.o
idt_table           0x84              build/interrupt.o
kernel_pool         0x10              build/memory.o

Discarded input sections

 .group         0x0000000000000000        0x8 build/main.o
 .note.GNU-stack
                0x0000000000000000        0x0 build/main.o
 .group         0x0000000000000000        0x8 build/init.o
 .text.__x86.get_pc_thunk.bx
                0x0000000000000000        0x4 build/init.o
 .note.GNU-stack
                0x0000000000000000        0x0 build/init.o
 .group         0x0000000000000000        0x8 build/interrupt.o
 .group         0x0000000000000000        0x8 build/interrupt.o
 .text.__x86.get_pc_thunk.bx
                0x0000000000000000        0x4 build/interrupt.o
 .note.GNU-stack
                0x0000000000000000        0x0 build/interrupt.o
 .group         0x0000000000000000        0x8 build/timer.o
 .group         0x0000000000000000        0x8 build/timer.o
 .text.__x86.get_pc_thunk.ax
                0x0000000000000000        0x4 build/timer.o
 .text.__x86.get_pc_thunk.bx
                0x0000000000000000        0x4 build/timer.o
 .note.GNU-stack
                0x0000000000000000        0x0 build/timer.o
 .group         0x0000000000000000        0x8 build/debug.o
 .text.__x86.get_pc_thunk.bx
                0x0000000000000000        0x4 build/debug.o
 .note.GNU-stack
                0x0000000000000000        0x0 build/debug.o
 .group         0x0000000000000000        0x8 build/string.o
 .text.__x86.get_pc_thunk.ax
                0x0000000000000000        0x4 build/string.o
 .note.GNU-stack
                0x0000000000000000        0x0 build/string.o
 .group         0x0000000000000000        0x8 build/memory.o
 .group         0x0000000000000000        0x8 build/memory.o
 .text.__x86.get_pc_thunk.ax
                0x0000000000000000        0x4 build/memory.o
 .text.__x86.get_pc_thunk.bx
                0x0000000000000000        0x4 build/memory.o
 .note.GNU-stack
                0x0000000000000000        0x0 build/memory.o
 .group         0x0000000000000000        0x8 build/bitmap.o
 .text.__x86.get_pc_thunk.ax
                0x0000000000000000        0x4 build/bitmap.o
 .note.GNU-stack
                0x0000000000000000        0x0 build/bitmap.o

Memory Configuration

Name             Origin             Length             Attributes
*default*        0x0000000000000000 0xffffffffffffffff

Linker script and memory map

Address of section .text set to 0xc0001500
LOAD build/main.o
LOAD build/init.o
LOAD build/interrupt.o
LOAD build/timer.o
LOAD build/kernel.o
LOAD build/print.o
LOAD build/debug.o
LOAD build/string.o
LOAD build/memory.o
LOAD build/bitmap.o
                [!provide]                        PROVIDE (__executable_start = SEGMENT_START ("text-segment", 0x8048000))
                0x0000000008048094                . = (SEGMENT_START ("text-segment", 0x8048000) + SIZEOF_HEADERS)

.interp
 *(.interp)

.note.gnu.build-id
 *(.note.gnu.build-id)

.hash
 *(.hash)

.gnu.hash
 *(.gnu.hash)

.dynsym
 *(.dynsym)

.dynstr
 *(.dynstr)

.gnu.version
 *(.gnu.version)

.gnu.version_d
 *(.gnu.version_d)

.gnu.version_r
 *(.gnu.version_r)

.rel.dyn        0x0000000008048094        0x0
 *(.rel.init)
 *(.rel.text .rel.text.* .rel.gnu.linkonce.t.*)
 .rel.text      0x0000000008048094        0x0 build/main.o
 *(.rel.fini)
 *(.rel.rodata .rel.rodata.* .rel.gnu.linkonce.r.*)
 *(.rel.data.rel.ro .rel.data.rel.ro.* .rel.gnu.linkonce.d.rel.ro.*)
 *(.rel.data .rel.data.* .rel.gnu.linkonce.d.*)
 *(.rel.tdata .rel.tdata.* .rel.gnu.linkonce.td.*)
 *(.rel.tbss .rel.tbss.* .rel.gnu.linkonce.tb.*)
 *(.rel.ctors)
 *(.rel.dtors)
 *(.rel.got)
 .rel.got       0x0000000008048094        0x0 build/main.o
 *(.rel.bss .rel.bss.* .rel.gnu.linkonce.b.*)
 *(.rel.ifunc)

.rel.plt        0x0000000008048094        0x0
 *(.rel.plt)
                [!provide]                        PROVIDE (__rel_iplt_start = .)
 *(.rel.iplt)
 .rel.iplt      0x0000000008048094        0x0 build/main.o
                [!provide]                        PROVIDE (__rel_iplt_end = .)

.init
 *(SORT_NONE(.init))

.plt            0x0000000008048098        0x0
 *(.plt)
 *(.iplt)
 .iplt          0x0000000008048098        0x0 build/main.o

.plt.got
 *(.plt.got)

.plt.sec
 *(.plt.sec)

.text           0x00000000c0001500     0x19c6
 *(.text.unlikely .text.*_unlikely .text.unlikely.*)
 *(.text.exit .text.exit.*)
 *(.text.startup .text.startup.*)
 *(.text.hot .text.hot.*)
 *(.text .stub .text.* .gnu.linkonce.t.*)
 .text          0x00000000c0001500       0x79 build/main.o
                0x00000000c0001500                main
 .text.__x86.get_pc_thunk.bx
                0x00000000c0001579        0x4 build/main.o
                0x00000000c0001579                __x86.get_pc_thunk.bx
 .text          0x00000000c000157d       0x39 build/init.o
                0x00000000c000157d                init_all
 .text          0x00000000c00015b6      0x47a build/interrupt.o
                0x00000000c0001913                intr_enable
                0x00000000c0001946                intr_disable
                0x00000000c0001979                intr_set_status
                0x00000000c00019a1                intr_get_status
                0x00000000c00019c8                idt_init
 .text.__x86.get_pc_thunk.ax
                0x00000000c0001a30        0x4 build/interrupt.o
                0x00000000c0001a30                __x86.get_pc_thunk.ax
 .text          0x00000000c0001a34      0x114 build/timer.o
                0x00000000c0001af4                timer_init
 *fill*         0x00000000c0001b48        0x8 
 .text          0x00000000c0001b50      0x393 build/kernel.o
                0x00000000c0001b50                intr_exit
 *fill*         0x00000000c0001ee3        0xd 
 .text          0x00000000c0001ef0      0x154 build/print.o
                0x00000000c0001ef8                put_str
                0x00000000c0001f16                put_char
                0x00000000c0001fe3                put_int
 .text          0x00000000c0002044       0xf4 build/debug.o
                0x00000000c0002044                panic_spin
 .text          0x00000000c0002138      0x4ac build/string.o
                0x00000000c0002138                memset
                0x00000000c00021a0                memcpy
                0x00000000c0002216                memcmp
                0x00000000c00022af                strcpy
                0x00000000c000231a                strlen
                0x00000000c000237b                strcmp
                0x00000000c000240a                strchr
                0x00000000c0002478                strrchr
                0x00000000c00024ec                strcat
                0x00000000c000256c                strchrs
 .text          0x00000000c00025e4      0x655 build/memory.o
                0x00000000c0002827                mem_init
                0x00000000c0002912                pte_ptr
                0x00000000c000294c                pde_ptr
                0x00000000c0002b16                malloc_page
                0x00000000c0002bef                get_kernel_pages
 .text          0x00000000c0002c39      0x28d build/bitmap.o
                0x00000000c0002c39                bitmap_init
                0x00000000c0002c6c                bitmap_scan_test
                0x00000000c0002cb6                bitmap_scan
                0x00000000c0002dfe                bitmap_set
 *(.gnu.warning)

.fini
 *(SORT_NONE(.fini))
                [!provide]                        PROVIDE (__etext = .)
                [!provide]                        PROVIDE (_etext = .)
                [!provide]                        PROVIDE (etext = .)

.rodata         0x00000000c0002ec8      0x567
 *(.rodata .rodata.* .gnu.linkonce.r.*)
 .rodata        0x00000000c0002ec8       0x35 build/main.o
 .rodata        0x00000000c0002efd        0xa build/init.o
 *fill*         0x00000000c0002f07        0x1 
 .rodata        0x00000000c0002f08      0x26d build/interrupt.o
 .rodata        0x00000000c0003175       0x23 build/timer.o
 .rodata        0x00000000c0003198       0x3f build/debug.o
 *fill*         0x00000000c00031d7        0x1 
 .rodata        0x00000000c00031d8       0xac build/string.o
 .rodata        0x00000000c0003284      0x140 build/memory.o
 .rodata        0x00000000c00033c4       0x6b build/bitmap.o

.rodata1
 *(.rodata1)

.eh_frame_hdr
 *(.eh_frame_hdr)
 *(.eh_frame_entry .eh_frame_entry.*)

.eh_frame       0x00000000c0003430      0x5c4
 *(.eh_frame)
 .eh_frame      0x00000000c0003430       0x54 build/main.o
 .eh_frame      0x00000000c0003484       0x24 build/init.o
                                         0x50 (size before relaxing)
 .eh_frame      0x00000000c00034a8      0x18c build/interrupt.o
                                        0x1b8 (size before relaxing)
 .eh_frame      0x00000000c0003634       0x70 build/timer.o
                                         0xb0 (size before relaxing)
 .eh_frame      0x00000000c00036a4       0x1c build/debug.o
                                         0x48 (size before relaxing)
 .eh_frame      0x00000000c00036c0      0x168 build/string.o
                                        0x194 (size before relaxing)
 .eh_frame      0x00000000c0003828      0x13c build/memory.o
                                        0x17c (size before relaxing)
 .eh_frame      0x00000000c0003964       0x90 build/bitmap.o
                                         0xbc (size before relaxing)
 *(.eh_frame.*)

.gcc_except_table
 *(.gcc_except_table .gcc_except_table.*)

.gnu_extab
 *(.gnu_extab*)

.exception_ranges
 *(.exception_ranges .exception_ranges*)
                0x00000000c0005000                . = DATA_SEGMENT_ALIGN (CONSTANT (MAXPAGESIZE), CONSTANT (COMMONPAGESIZE))

.eh_frame
 *(.eh_frame)
 *(.eh_frame.*)

.gnu_extab
 *(.gnu_extab)

.gcc_except_table
 *(.gcc_except_table .gcc_except_table.*)

.exception_ranges
 *(.exception_ranges .exception_ranges*)

.tdata
 *(.tdata .tdata.* .gnu.linkonce.td.*)

.tbss
 *(.tbss .tbss.* .gnu.linkonce.tb.*)
 *(.tcommon)

.preinit_array  0x00000000c0005000        0x0
                [!provide]                        PROVIDE (__preinit_array_start = .)
 *(.preinit_array)
                [!provide]                        PROVIDE (__preinit_array_end = .)

.init_array     0x00000000c0005000        0x0
                [!provide]                        PROVIDE (__init_array_start = .)
 *(SORT_BY_INIT_PRIORITY(.init_array.*) SORT_BY_INIT_PRIORITY(.ctors.*))
 *(.init_array EXCLUDE_FILE(*crtend?.o *crtend.o *crtbegin?.o *crtbegin.o) .ctors)
                [!provide]                        PROVIDE (__init_array_end = .)

.fini_array     0x00000000c0005000        0x0
                [!provide]                        PROVIDE (__fini_array_start = .)
 *(SORT_BY_INIT_PRIORITY(.fini_array.*) SORT_BY_INIT_PRIORITY(.dtors.*))
 *(.fini_array EXCLUDE_FILE(*crtend?.o *crtend.o *crtbegin?.o *crtbegin.o) .dtors)
                [!provide]                        PROVIDE (__fini_array_end = .)

.ctors
 *crtbegin.o(.ctors)
 *crtbegin?.o(.ctors)
 *(EXCLUDE_FILE(*crtend?.o *crtend.o) .ctors)
 *(SORT_BY_NAME(.ctors.*))
 *(.ctors)

.dtors
 *crtbegin.o(.dtors)
 *crtbegin?.o(.dtors)
 *(EXCLUDE_FILE(*crtend?.o *crtend.o) .dtors)
 *(SORT_BY_NAME(.dtors.*))
 *(.dtors)

.jcr
 *(.jcr)

.data.rel.ro
 *(.data.rel.ro.local* .gnu.linkonce.d.rel.ro.local.*)
 *(.data.rel.ro .data.rel.ro.* .gnu.linkonce.d.rel.ro.*)

.dynamic
 *(.dynamic)

.got            0x00000000c0005000        0x0
 *(.got)
 .got           0x00000000c0005000        0x0 build/main.o
 *(.igot)
                0x00000000c0005ff4                . = DATA_SEGMENT_RELRO_END (., (SIZEOF (.got.plt) >= 0xc)?0xc:0x0)

.got.plt        0x00000000c0005000        0xc
 *(.got.plt)
 .got.plt       0x00000000c0005000        0xc build/main.o
                0x00000000c0005000                _GLOBAL_OFFSET_TABLE_
 *(.igot.plt)
 .igot.plt      0x00000000c000500c        0x0 build/main.o

.data           0x00000000c000500c       0x84
 *(.data .data.* .gnu.linkonce.d.*)
 .data          0x00000000c000500c        0x0 build/main.o
 .data          0x00000000c000500c        0x0 build/init.o
 .data          0x00000000c000500c        0x0 build/interrupt.o
 .data          0x00000000c000500c        0x0 build/timer.o
 .data          0x00000000c000500c       0x84 build/kernel.o
                0x00000000c000500c                intr_entry_table
 .data          0x00000000c0005090        0x0 build/debug.o
 .data          0x00000000c0005090        0x0 build/string.o
 .data          0x00000000c0005090        0x0 build/memory.o
 .data          0x00000000c0005090        0x0 build/bitmap.o

.data1
 *(.data1)
                0x00000000c0005090                _edata = .
                [!provide]                        PROVIDE (edata = .)
                0x00000000c0005090                . = .
                0x00000000c0005090                __bss_start = .

.bss            0x00000000c00050a0      0x270
 *(.dynbss)
 *(.bss .bss.* .gnu.linkonce.b.*)
 .bss           0x00000000c00050a0        0x0 build/main.o
 .bss           0x00000000c00050a0        0x0 build/init.o
 .bss           0x00000000c00050a0      0x108 build/interrupt.o
 .bss           0x00000000c00051a8        0x0 build/timer.o
 .bss           0x00000000c00051a8        0x0 build/debug.o
 .bss           0x00000000c00051a8        0x0 build/string.o
 .bss           0x00000000c00051a8        0x0 build/memory.o
 .bss           0x00000000c00051a8        0x0 build/bitmap.o
 *(COMMON)
 *fill*         0x00000000c00051a8       0x18 
 COMMON         0x00000000c00051c0      0x124 build/interrupt.o
                0x00000000c00051c0                intr_name
                0x00000000c0005260                idt_table
 COMMON         0x00000000c00052e4       0x2c build/memory.o
                0x00000000c00052e4                user_pool
                0x00000000c00052f4                kernel_vaddr
                0x00000000c0005300                kernel_pool
                0x00000000c0005310                . = ALIGN ((. != 0x0)?0x4:0x1)
                0x00000000c0005310                . = ALIGN (0x4)
                0x00000000c0005310                . = SEGMENT_START ("ldata-segment", .)
                0x00000000c0005310                . = ALIGN (0x4)
                0x00000000c0005310                _end = .
                [!provide]                        PROVIDE (end = .)
                0x00000000c0005310                . = DATA_SEGMENT_END (.)

.stab
 *(.stab)

.stabstr
 *(.stabstr)

.stab.excl
 *(.stab.excl)

.stab.exclstr
 *(.stab.exclstr)

.stab.index
 *(.stab.index)

.stab.indexstr
 *(.stab.indexstr)

.comment        0x0000000000000000       0x29
 *(.comment)
 .comment       0x0000000000000000       0x29 build/main.o
                                         0x2a (size before relaxing)
 .comment       0x0000000000000029       0x2a build/init.o
 .comment       0x0000000000000029       0x2a build/interrupt.o
 .comment       0x0000000000000029       0x2a build/timer.o
 .comment       0x0000000000000029       0x2a build/debug.o
 .comment       0x0000000000000029       0x2a build/string.o
 .comment       0x0000000000000029       0x2a build/memory.o
 .comment       0x0000000000000029       0x2a build/bitmap.o

.debug
 *(.debug)

.line
 *(.line)

.debug_srcinfo
 *(.debug_srcinfo)

.debug_sfnames
 *(.debug_sfnames)

.debug_aranges
 *(.debug_aranges)

.debug_pubnames
 *(.debug_pubnames)

.debug_info
 *(.debug_info .gnu.linkonce.wi.*)

.debug_abbrev
 *(.debug_abbrev)

.debug_line
 *(.debug_line .debug_line.* .debug_line_end)

.debug_frame
 *(.debug_frame)

.debug_str
 *(.debug_str)

.debug_loc
 *(.debug_loc)

.debug_macinfo
 *(.debug_macinfo)

.debug_weaknames
 *(.debug_weaknames)

.debug_funcnames
 *(.debug_funcnames)

.debug_typenames
 *(.debug_typenames)

.debug_varnames
 *(.debug_varnames)

.debug_pubtypes
 *(.debug_pubtypes)

.debug_ranges
 *(.debug_ranges)

.debug_macro
 *(.debug_macro)

.debug_addr
 *(.debug_addr)

.gnu.attributes
 *(.gnu.attributes)

/DISCARD/
 *(.note.GNU-stack)
 *(.gnu_debuglink)
 *(.gnu.lto_*)
OUTPUT(build/kernel.bin elf32-i386)
