
Allocating common symbols
Common symbol       size              file

kbd_buf             0x6c              build/keyboard.o
thread_ready_list   0x10              build/thread.o
thread_all_list     0x10              build/thread.o
user_pool           0x10              build/memory.o
intr_name           0xc0              build/interrupt.o
main_thread         0x4               build/thread.o
ticks               0x4               build/timer.o
kernel_vaddr        0xc               build/memory.o
idt_table           0xc0              build/interrupt.o
kernel_pool         0x10              build/memory.o

Discarded input sections

 .group         0x0000000000000000        0x8 build/main.o
 .note.GNU-stack
                0x0000000000000000        0x0 build/main.o
 .group         0x0000000000000000        0x8 build/init.o
 .text.__x86.get_pc_thunk.bx
                0x0000000000000000        0x4 build/init.o
 .note.GNU-stack
                0x0000000000000000        0x0 build/init.o
 .group         0x0000000000000000        0x8 build/interrupt.o
 .group         0x0000000000000000        0x8 build/interrupt.o
 .text.__x86.get_pc_thunk.bx
                0x0000000000000000        0x4 build/interrupt.o
 .note.GNU-stack
                0x0000000000000000        0x0 build/interrupt.o
 .group         0x0000000000000000        0x8 build/timer.o
 .group         0x0000000000000000        0x8 build/timer.o
 .text.__x86.get_pc_thunk.ax
                0x0000000000000000        0x4 build/timer.o
 .text.__x86.get_pc_thunk.bx
                0x0000000000000000        0x4 build/timer.o
 .note.GNU-stack
                0x0000000000000000        0x0 build/timer.o
 .group         0x0000000000000000        0x8 build/debug.o
 .text.__x86.get_pc_thunk.bx
                0x0000000000000000        0x4 build/debug.o
 .note.GNU-stack
                0x0000000000000000        0x0 build/debug.o
 .group         0x0000000000000000        0x8 build/memory.o
 .group         0x0000000000000000        0x8 build/memory.o
 .text.__x86.get_pc_thunk.ax
                0x0000000000000000        0x4 build/memory.o
 .text.__x86.get_pc_thunk.bx
                0x0000000000000000        0x4 build/memory.o
 .note.GNU-stack
                0x0000000000000000        0x0 build/memory.o
 .group         0x0000000000000000        0x8 build/string.o
 .text.__x86.get_pc_thunk.ax
                0x0000000000000000        0x4 build/string.o
 .note.GNU-stack
                0x0000000000000000        0x0 build/string.o
 .group         0x0000000000000000        0x8 build/bitmap.o
 .text.__x86.get_pc_thunk.ax
                0x0000000000000000        0x4 build/bitmap.o
 .note.GNU-stack
                0x0000000000000000        0x0 build/bitmap.o
 .group         0x0000000000000000        0x8 build/thread.o
 .group         0x0000000000000000        0x8 build/thread.o
 .group         0x0000000000000000        0x8 build/thread.o
 .text.__x86.get_pc_thunk.ax
                0x0000000000000000        0x4 build/thread.o
 .text.__x86.get_pc_thunk.bx
                0x0000000000000000        0x4 build/thread.o
 .note.GNU-stack
                0x0000000000000000        0x0 build/thread.o
 .group         0x0000000000000000        0x8 build/list.o
 .group         0x0000000000000000        0x8 build/list.o
 .text.__x86.get_pc_thunk.ax
                0x0000000000000000        0x4 build/list.o
 .text.__x86.get_pc_thunk.bx
                0x0000000000000000        0x4 build/list.o
 .note.GNU-stack
                0x0000000000000000        0x0 build/list.o
 .group         0x0000000000000000        0x8 build/sync.o
 .group         0x0000000000000000        0x8 build/sync.o
 .text.__x86.get_pc_thunk.ax
                0x0000000000000000        0x4 build/sync.o
 .text.__x86.get_pc_thunk.bx
                0x0000000000000000        0x4 build/sync.o
 .note.GNU-stack
                0x0000000000000000        0x0 build/sync.o
 .group         0x0000000000000000        0x8 build/console.o
 .group         0x0000000000000000        0x8 build/console.o
 .text.__x86.get_pc_thunk.ax
                0x0000000000000000        0x4 build/console.o
 .text.__x86.get_pc_thunk.bx
                0x0000000000000000        0x4 build/console.o
 .note.GNU-stack
                0x0000000000000000        0x0 build/console.o
 .group         0x0000000000000000        0x8 build/keyboard.o
 .group         0x0000000000000000        0x8 build/keyboard.o
 .text.__x86.get_pc_thunk.ax
                0x0000000000000000        0x4 build/keyboard.o
 .text.__x86.get_pc_thunk.bx
                0x0000000000000000        0x4 build/keyboard.o
 .note.GNU-stack
                0x0000000000000000        0x0 build/keyboard.o
 .group         0x0000000000000000        0x8 build/ioqueue.o
 .group         0x0000000000000000        0x8 build/ioqueue.o
 .text.__x86.get_pc_thunk.ax
                0x0000000000000000        0x4 build/ioqueue.o
 .text.__x86.get_pc_thunk.bx
                0x0000000000000000        0x4 build/ioqueue.o
 .note.GNU-stack
                0x0000000000000000        0x0 build/ioqueue.o

Memory Configuration

Name             Origin             Length             Attributes
*default*        0x0000000000000000 0xffffffffffffffff

Linker script and memory map

Address of section .text set to 0xc0001500
LOAD build/main.o
LOAD build/init.o
LOAD build/interrupt.o
LOAD build/timer.o
LOAD build/kernel.o
LOAD build/print.o
LOAD build/debug.o
LOAD build/memory.o
LOAD build/string.o
LOAD build/bitmap.o
LOAD build/thread.o
LOAD build/list.o
LOAD build/switch.o
LOAD build/sync.o
LOAD build/console.o
LOAD build/keyboard.o
LOAD build/ioqueue.o
                [!provide]                        PROVIDE (__executable_start = SEGMENT_START ("text-segment", 0x8048000))
                0x0000000008048094                . = (SEGMENT_START ("text-segment", 0x8048000) + SIZEOF_HEADERS)

.interp
 *(.interp)

.note.gnu.build-id
 *(.note.gnu.build-id)

.hash
 *(.hash)

.gnu.hash
 *(.gnu.hash)

.dynsym
 *(.dynsym)

.dynstr
 *(.dynstr)

.gnu.version
 *(.gnu.version)

.gnu.version_d
 *(.gnu.version_d)

.gnu.version_r
 *(.gnu.version_r)

.rel.dyn        0x0000000008048094        0x0
 *(.rel.init)
 *(.rel.text .rel.text.* .rel.gnu.linkonce.t.*)
 .rel.text      0x0000000008048094        0x0 build/main.o
 *(.rel.fini)
 *(.rel.rodata .rel.rodata.* .rel.gnu.linkonce.r.*)
 *(.rel.data.rel.ro .rel.data.rel.ro.* .rel.gnu.linkonce.d.rel.ro.*)
 *(.rel.data .rel.data.* .rel.gnu.linkonce.d.*)
 *(.rel.tdata .rel.tdata.* .rel.gnu.linkonce.td.*)
 *(.rel.tbss .rel.tbss.* .rel.gnu.linkonce.tb.*)
 *(.rel.ctors)
 *(.rel.dtors)
 *(.rel.got)
 .rel.got       0x0000000008048094        0x0 build/main.o
 *(.rel.bss .rel.bss.* .rel.gnu.linkonce.b.*)
 *(.rel.ifunc)

.rel.plt        0x0000000008048094        0x0
 *(.rel.plt)
                [!provide]                        PROVIDE (__rel_iplt_start = .)
 *(.rel.iplt)
 .rel.iplt      0x0000000008048094        0x0 build/main.o
                [!provide]                        PROVIDE (__rel_iplt_end = .)

.init
 *(SORT_NONE(.init))

.plt            0x0000000008048098        0x0
 *(.plt)
 *(.iplt)
 .iplt          0x0000000008048098        0x0 build/main.o

.plt.got
 *(.plt.got)

.plt.sec
 *(.plt.sec)

.text           0x00000000c0001500     0x3200
 *(.text.unlikely .text.*_unlikely .text.unlikely.*)
 *(.text.exit .text.exit.*)
 *(.text.startup .text.startup.*)
 *(.text.hot .text.hot.*)
 *(.text .stub .text.* .gnu.linkonce.t.*)
 .text          0x00000000c0001500      0x162 build/main.o
                0x00000000c0001500                main
                0x00000000c0001576                k_thread_a
                0x00000000c00015ec                k_thread_b
 .text.__x86.get_pc_thunk.bx
                0x00000000c0001662        0x4 build/main.o
                0x00000000c0001662                __x86.get_pc_thunk.bx
 .text          0x00000000c0001666       0x48 build/init.o
                0x00000000c0001666                init_all
 .text          0x00000000c00016ae      0x53a build/interrupt.o
                0x00000000c0001aa2                intr_enable
                0x00000000c0001ad5                intr_disable
                0x00000000c0001b08                intr_set_status
                0x00000000c0001b30                intr_get_status
                0x00000000c0001b57                idt_init
                0x00000000c0001bbf                register_handler
 .text.__x86.get_pc_thunk.ax
                0x00000000c0001be8        0x4 build/interrupt.o
                0x00000000c0001be8                __x86.get_pc_thunk.ax
 .text          0x00000000c0001bec      0x1b8 build/timer.o
                0x00000000c0001d3c                timer_init
 *fill*         0x00000000c0001da4        0xc 
 .text          0x00000000c0001db0      0x537 build/kernel.o
                0x00000000c0001db0                intr_exit
 *fill*         0x00000000c00022e7        0x9 
 .text          0x00000000c00022f0      0x178 build/print.o
                0x00000000c00022f8                put_str
                0x00000000c0002316                put_char
                0x00000000c00023e3                put_int
                0x00000000c0002444                set_cursor
 .text          0x00000000c0002468       0xf4 build/debug.o
                0x00000000c0002468                panic_spin
 .text          0x00000000c000255c      0x655 build/memory.o
                0x00000000c000279f                mem_init
                0x00000000c000288a                pte_ptr
                0x00000000c00028c4                pde_ptr
                0x00000000c0002a8e                malloc_page
                0x00000000c0002b67                get_kernel_pages
 .text          0x00000000c0002bb1      0x4ac build/string.o
                0x00000000c0002bb1                memset
                0x00000000c0002c19                memcpy
                0x00000000c0002c8f                memcmp
                0x00000000c0002d28                strcpy
                0x00000000c0002d93                strlen
                0x00000000c0002df4                strcmp
                0x00000000c0002e83                strchr
                0x00000000c0002ef1                strrchr
                0x00000000c0002f65                strcat
                0x00000000c0002fe5                strchrs
 .text          0x00000000c000305d      0x28d build/bitmap.o
                0x00000000c000305d                bitmap_init
                0x00000000c0003090                bitmap_scan_test
                0x00000000c00030da                bitmap_scan
                0x00000000c0003222                bitmap_set
 .text          0x00000000c00032ea      0x63b build/thread.o
                0x00000000c00032ea                running_thread
                0x00000000c0003335                thread_create
                0x00000000c00033b3                init_thread
                0x00000000c0003458                thread_start
                0x00000000c00035f7                schedule
                0x00000000c0003736                thread_init
                0x00000000c000379b                thread_block
                0x00000000c0003813                thread_unblock
 .text.__x86.get_pc_thunk.dx
                0x00000000c0003925        0x4 build/thread.o
                0x00000000c0003925                __x86.get_pc_thunk.dx
 .text          0x00000000c0003929      0x25f build/list.o
                0x00000000c0003929                list_init
                0x00000000c0003961                list_insert_before
                0x00000000c00039b5                list_push
                0x00000000c00039dd                list_append
                0x00000000c0003a05                list_remove
                0x00000000c0003a4e                list_pop
                0x00000000c0003a7a                elem_find
                0x00000000c0003abf                list_traversal
                0x00000000c0003b26                list_len
                0x00000000c0003b65                list_empty
 *fill*         0x00000000c0003b88        0x8 
 .text          0x00000000c0003b90       0x15 build/switch.o
                0x00000000c0003b90                switch_to
 .text          0x00000000c0003ba5      0x391 build/sync.o
                0x00000000c0003ba5                sema_init
                0x00000000c0003bdf                lock_init
                0x00000000c0003c19                sema_down
                0x00000000c0003d35                sema_up
                0x00000000c0003dff                lock_acquire
                0x00000000c0003e87                lock_release
 .text          0x00000000c0003f36      0x119 build/console.o
                0x00000000c0003f36                console_init
                0x00000000c0003f61                console_acquire
                0x00000000c0003f8c                console_release
                0x00000000c0003fb7                console_put_str
                0x00000000c0003fe7                console_put_char
                0x00000000c000401f                console_put_int
 .text          0x00000000c000404f      0x32f build/keyboard.o
                0x00000000c000431c                keyboard_init
 .text          0x00000000c000437e      0x382 build/ioqueue.o
                0x00000000c000437e                ioqueue_init
                0x00000000c00043f4                ioq_full
                0x00000000c0004455                ioq_empty
                0x00000000c0004561                ioq_getchar
                0x00000000c000462f                ioq_putchar
 *(.gnu.warning)

.fini
 *(SORT_NONE(.fini))
                [!provide]                        PROVIDE (__etext = .)
                [!provide]                        PROVIDE (_etext = .)
                [!provide]                        PROVIDE (etext = .)

.rodata         0x00000000c0004700      0xad4
 *(.rodata .rodata.* .gnu.linkonce.r.*)
 .rodata        0x00000000c0004700       0x2f build/main.o
 .rodata        0x00000000c000472f        0xa build/init.o
 *fill*         0x00000000c0004739        0x3 
 .rodata        0x00000000c000473c      0x2bd build/interrupt.o
 *fill*         0x00000000c00049f9        0x3 
 .rodata        0x00000000c00049fc       0x6b build/timer.o
 .rodata        0x00000000c0004a67       0x3f build/debug.o
 *fill*         0x00000000c0004aa6        0x2 
 .rodata        0x00000000c0004aa8      0x140 build/memory.o
 .rodata        0x00000000c0004be8       0xac build/string.o
 .rodata        0x00000000c0004c94       0x6b build/bitmap.o
 *fill*         0x00000000c0004cff        0x1 
 .rodata        0x00000000c0004d00      0x2bf build/thread.o
 *fill*         0x00000000c0004fbf        0x1 
 .rodata        0x00000000c0004fc0      0x135 build/sync.o
 .rodata        0x00000000c00050f5       0x36 build/keyboard.o
 *fill*         0x00000000c000512b        0x1 
 .rodata        0x00000000c000512c       0xa8 build/ioqueue.o

.rodata1
 *(.rodata1)

.eh_frame_hdr
 *(.eh_frame_hdr)
 *(.eh_frame_entry .eh_frame_entry.*)

.eh_frame       0x00000000c00051d4      0xc34
 *(.eh_frame)
 .eh_frame      0x00000000c00051d4       0x8c build/main.o
 .eh_frame      0x00000000c0005260       0x24 build/init.o
                                         0x50 (size before relaxing)
 .eh_frame      0x00000000c0005284      0x1ac build/interrupt.o
                                        0x1d8 (size before relaxing)
 .eh_frame      0x00000000c0005430       0x94 build/timer.o
                                         0xd4 (size before relaxing)
 .eh_frame      0x00000000c00054c4       0x1c build/debug.o
                                         0x48 (size before relaxing)
 .eh_frame      0x00000000c00054e0      0x13c build/memory.o
                                        0x17c (size before relaxing)
 .eh_frame      0x00000000c000561c      0x168 build/string.o
                                        0x194 (size before relaxing)
 .eh_frame      0x00000000c0005784       0x90 build/bitmap.o
                                         0xbc (size before relaxing)
 .eh_frame      0x00000000c0005814      0x174 build/thread.o
                                        0x1b4 (size before relaxing)
 .eh_frame      0x00000000c0005988      0x148 build/list.o
                                        0x188 (size before relaxing)
 .eh_frame      0x00000000c0005ad0       0xdc build/sync.o
                                        0x11c (size before relaxing)
 .eh_frame      0x00000000c0005bac       0xd8 build/console.o
                                        0x118 (size before relaxing)
 .eh_frame      0x00000000c0005c84       0x68 build/keyboard.o
                                         0xa8 (size before relaxing)
 .eh_frame      0x00000000c0005cec      0x11c build/ioqueue.o
                                        0x15c (size before relaxing)
 *(.eh_frame.*)

.gcc_except_table
 *(.gcc_except_table .gcc_except_table.*)

.gnu_extab
 *(.gnu_extab*)

.exception_ranges
 *(.exception_ranges .exception_ranges*)
                0x00000000c0007000                . = DATA_SEGMENT_ALIGN (CONSTANT (MAXPAGESIZE), CONSTANT (COMMONPAGESIZE))

.eh_frame
 *(.eh_frame)
 *(.eh_frame.*)

.gnu_extab
 *(.gnu_extab)

.gcc_except_table
 *(.gcc_except_table .gcc_except_table.*)

.exception_ranges
 *(.exception_ranges .exception_ranges*)

.tdata
 *(.tdata .tdata.* .gnu.linkonce.td.*)

.tbss
 *(.tbss .tbss.* .gnu.linkonce.tb.*)
 *(.tcommon)

.preinit_array  0x00000000c0007000        0x0
                [!provide]                        PROVIDE (__preinit_array_start = .)
 *(.preinit_array)
                [!provide]                        PROVIDE (__preinit_array_end = .)

.init_array     0x00000000c0007000        0x0
                [!provide]                        PROVIDE (__init_array_start = .)
 *(SORT_BY_INIT_PRIORITY(.init_array.*) SORT_BY_INIT_PRIORITY(.ctors.*))
 *(.init_array EXCLUDE_FILE(*crtend?.o *crtend.o *crtbegin?.o *crtbegin.o) .ctors)
                [!provide]                        PROVIDE (__init_array_end = .)

.fini_array     0x00000000c0007000        0x0
                [!provide]                        PROVIDE (__fini_array_start = .)
 *(SORT_BY_INIT_PRIORITY(.fini_array.*) SORT_BY_INIT_PRIORITY(.dtors.*))
 *(.fini_array EXCLUDE_FILE(*crtend?.o *crtend.o *crtbegin?.o *crtbegin.o) .dtors)
                [!provide]                        PROVIDE (__fini_array_end = .)

.ctors
 *crtbegin.o(.ctors)
 *crtbegin?.o(.ctors)
 *(EXCLUDE_FILE(*crtend?.o *crtend.o) .ctors)
 *(SORT_BY_NAME(.ctors.*))
 *(.ctors)

.dtors
 *crtbegin.o(.dtors)
 *crtbegin?.o(.dtors)
 *(EXCLUDE_FILE(*crtend?.o *crtend.o) .dtors)
 *(SORT_BY_NAME(.dtors.*))
 *(.dtors)

.jcr
 *(.jcr)

.data.rel.ro
 *(.data.rel.ro.local* .gnu.linkonce.d.rel.ro.local.*)
 *(.data.rel.ro .data.rel.ro.* .gnu.linkonce.d.rel.ro.*)

.dynamic
 *(.dynamic)

.got            0x00000000c0007000        0x0
 *(.got)
 .got           0x00000000c0007000        0x0 build/main.o
 *(.igot)
                0x00000000c0007ff4                . = DATA_SEGMENT_RELRO_END (., (SIZEOF (.got.plt) >= 0xc)?0xc:0x0)

.got.plt        0x00000000c0007000        0xc
 *(.got.plt)
 .got.plt       0x00000000c0007000        0xc build/main.o
                0x00000000c0007000                _GLOBAL_OFFSET_TABLE_
 *(.igot.plt)
 .igot.plt      0x00000000c000700c        0x0 build/main.o

.data           0x00000000c0007020      0x136
 *(.data .data.* .gnu.linkonce.d.*)
 .data          0x00000000c0007020        0x0 build/main.o
 .data          0x00000000c0007020        0x0 build/init.o
 .data          0x00000000c0007020        0x0 build/interrupt.o
 .data          0x00000000c0007020        0x0 build/timer.o
 .data          0x00000000c0007020       0xc0 build/kernel.o
                0x00000000c0007020                intr_entry_table
 .data          0x00000000c00070e0        0x0 build/debug.o
 .data          0x00000000c00070e0        0x0 build/memory.o
 .data          0x00000000c00070e0        0x0 build/string.o
 .data          0x00000000c00070e0        0x0 build/bitmap.o
 .data          0x00000000c00070e0        0x0 build/thread.o
 .data          0x00000000c00070e0        0x0 build/list.o
 .data          0x00000000c00070e0        0x0 build/sync.o
 .data          0x00000000c00070e0        0x0 build/console.o
 .data          0x00000000c00070e0       0x76 build/keyboard.o
 .data          0x00000000c0007156        0x0 build/ioqueue.o

.data1
 *(.data1)
                0x00000000c0007156                _edata = .
                [!provide]                        PROVIDE (edata = .)
                0x00000000c0007156                . = .
                0x00000000c0007156                __bss_start = .

.bss            0x00000000c0007160      0x40c
 *(.dynbss)
 *(.bss .bss.* .gnu.linkonce.b.*)
 .bss           0x00000000c0007160        0x0 build/main.o
 .bss           0x00000000c0007160        0x0 build/init.o
 .bss           0x00000000c0007160      0x180 build/interrupt.o
 .bss           0x00000000c00072e0        0x0 build/timer.o
 .bss           0x00000000c00072e0        0x0 build/debug.o
 .bss           0x00000000c00072e0        0x0 build/memory.o
 .bss           0x00000000c00072e0        0x0 build/string.o
 .bss           0x00000000c00072e0        0x0 build/bitmap.o
 .bss           0x00000000c00072e0        0x4 build/thread.o
 .bss           0x00000000c00072e4        0x0 build/list.o
 .bss           0x00000000c00072e4        0x0 build/sync.o
 .bss           0x00000000c00072e4       0x1c build/console.o
 .bss           0x00000000c0007300       0x14 build/keyboard.o
 .bss           0x00000000c0007314        0x0 build/ioqueue.o
 *(COMMON)
 *fill*         0x00000000c0007314        0xc 
 COMMON         0x00000000c0007320      0x180 build/interrupt.o
                0x00000000c0007320                intr_name
                0x00000000c00073e0                idt_table
 COMMON         0x00000000c00074a0        0x4 build/timer.o
                0x00000000c00074a0                ticks
 COMMON         0x00000000c00074a4       0x2c build/memory.o
                0x00000000c00074a4                user_pool
                0x00000000c00074b4                kernel_vaddr
                0x00000000c00074c0                kernel_pool
 COMMON         0x00000000c00074d0       0x24 build/thread.o
                0x00000000c00074d0                thread_ready_list
                0x00000000c00074e0                thread_all_list
                0x00000000c00074f0                main_thread
 *fill*         0x00000000c00074f4        0xc 
 COMMON         0x00000000c0007500       0x6c build/keyboard.o
                0x00000000c0007500                kbd_buf
                0x00000000c000756c                . = ALIGN ((. != 0x0)?0x4:0x1)
                0x00000000c000756c                . = ALIGN (0x4)
                0x00000000c000756c                . = SEGMENT_START ("ldata-segment", .)
                0x00000000c000756c                . = ALIGN (0x4)
                0x00000000c000756c                _end = .
                [!provide]                        PROVIDE (end = .)
                0x00000000c000756c                . = DATA_SEGMENT_END (.)

.stab
 *(.stab)

.stabstr
 *(.stabstr)

.stab.excl
 *(.stab.excl)

.stab.exclstr
 *(.stab.exclstr)

.stab.index
 *(.stab.index)

.stab.indexstr
 *(.stab.indexstr)

.comment        0x0000000000000000       0x29
 *(.comment)
 .comment       0x0000000000000000       0x29 build/main.o
                                         0x2a (size before relaxing)
 .comment       0x0000000000000029       0x2a build/init.o
 .comment       0x0000000000000029       0x2a build/interrupt.o
 .comment       0x0000000000000029       0x2a build/timer.o
 .comment       0x0000000000000029       0x2a build/debug.o
 .comment       0x0000000000000029       0x2a build/memory.o
 .comment       0x0000000000000029       0x2a build/string.o
 .comment       0x0000000000000029       0x2a build/bitmap.o
 .comment       0x0000000000000029       0x2a build/thread.o
 .comment       0x0000000000000029       0x2a build/list.o
 .comment       0x0000000000000029       0x2a build/sync.o
 .comment       0x0000000000000029       0x2a build/console.o
 .comment       0x0000000000000029       0x2a build/keyboard.o
 .comment       0x0000000000000029       0x2a build/ioqueue.o

.debug
 *(.debug)

.line
 *(.line)

.debug_srcinfo
 *(.debug_srcinfo)

.debug_sfnames
 *(.debug_sfnames)

.debug_aranges
 *(.debug_aranges)

.debug_pubnames
 *(.debug_pubnames)

.debug_info
 *(.debug_info .gnu.linkonce.wi.*)

.debug_abbrev
 *(.debug_abbrev)

.debug_line
 *(.debug_line .debug_line.* .debug_line_end)

.debug_frame
 *(.debug_frame)

.debug_str
 *(.debug_str)

.debug_loc
 *(.debug_loc)

.debug_macinfo
 *(.debug_macinfo)

.debug_weaknames
 *(.debug_weaknames)

.debug_funcnames
 *(.debug_funcnames)

.debug_typenames
 *(.debug_typenames)

.debug_varnames
 *(.debug_varnames)

.debug_pubtypes
 *(.debug_pubtypes)

.debug_ranges
 *(.debug_ranges)

.debug_macro
 *(.debug_macro)

.debug_addr
 *(.debug_addr)

.gnu.attributes
 *(.gnu.attributes)

/DISCARD/
 *(.note.GNU-stack)
 *(.gnu_debuglink)
 *(.gnu.lto_*)
OUTPUT(build/kernel.bin elf32-i386)
