
Allocating common symbols
Common symbol       size              file

kbd_buf             0x6c              build/keyboard.o
thread_ready_list   0x10              build/thread.o
thread_all_list     0x10              build/thread.o
user_pool           0x2c              build/memory.o
channel_cnt         0x1               build/ide.o
k_block_descs       0xa8              build/memory.o
idle_thread         0x4               build/thread.o
intr_name           0x204             build/interrupt.o
main_thread         0x4               build/thread.o
channels            0xcc0             build/ide.o
ticks               0x4               build/timer.o
kernel_vaddr        0xc               build/memory.o
syscall_table       0x80              build/syscall-init.o
idt_table           0x204             build/interrupt.o
partition_list      0x10              build/ide.o
kernel_pool         0x2c              build/memory.o
pid_lock            0x1c              build/thread.o

Discarded input sections

 .group         0x0000000000000000        0x8 build/main.o
 .note.GNU-stack
                0x0000000000000000        0x0 build/main.o
 .group         0x0000000000000000        0x8 build/init.o
 .text.__x86.get_pc_thunk.bx
                0x0000000000000000        0x4 build/init.o
 .note.GNU-stack
                0x0000000000000000        0x0 build/init.o
 .group         0x0000000000000000        0x8 build/interrupt.o
 .group         0x0000000000000000        0x8 build/interrupt.o
 .text.__x86.get_pc_thunk.bx
                0x0000000000000000        0x4 build/interrupt.o
 .note.GNU-stack
                0x0000000000000000        0x0 build/interrupt.o
 .group         0x0000000000000000        0x8 build/timer.o
 .group         0x0000000000000000        0x8 build/timer.o
 .group         0x0000000000000000        0x8 build/timer.o
 .text.__x86.get_pc_thunk.ax
                0x0000000000000000        0x4 build/timer.o
 .text.__x86.get_pc_thunk.bx
                0x0000000000000000        0x4 build/timer.o
 .note.GNU-stack
                0x0000000000000000        0x0 build/timer.o
 .group         0x0000000000000000        0x8 build/debug.o
 .text.__x86.get_pc_thunk.bx
                0x0000000000000000        0x4 build/debug.o
 .note.GNU-stack
                0x0000000000000000        0x0 build/debug.o
 .group         0x0000000000000000        0x8 build/string.o
 .text.__x86.get_pc_thunk.ax
                0x0000000000000000        0x4 build/string.o
 .note.GNU-stack
                0x0000000000000000        0x0 build/string.o
 .group         0x0000000000000000        0x8 build/memory.o
 .group         0x0000000000000000        0x8 build/memory.o
 .text.__x86.get_pc_thunk.ax
                0x0000000000000000        0x4 build/memory.o
 .text.__x86.get_pc_thunk.bx
                0x0000000000000000        0x4 build/memory.o
 .note.GNU-stack
                0x0000000000000000        0x0 build/memory.o
 .group         0x0000000000000000        0x8 build/bitmap.o
 .text.__x86.get_pc_thunk.ax
                0x0000000000000000        0x4 build/bitmap.o
 .note.GNU-stack
                0x0000000000000000        0x0 build/bitmap.o
 .group         0x0000000000000000        0x8 build/thread.o
 .group         0x0000000000000000        0x8 build/thread.o
 .group         0x0000000000000000        0x8 build/thread.o
 .text.__x86.get_pc_thunk.ax
                0x0000000000000000        0x4 build/thread.o
 .text.__x86.get_pc_thunk.bx
                0x0000000000000000        0x4 build/thread.o
 .note.GNU-stack
                0x0000000000000000        0x0 build/thread.o
 .group         0x0000000000000000        0x8 build/list.o
 .group         0x0000000000000000        0x8 build/list.o
 .text.__x86.get_pc_thunk.ax
                0x0000000000000000        0x4 build/list.o
 .text.__x86.get_pc_thunk.bx
                0x0000000000000000        0x4 build/list.o
 .note.GNU-stack
                0x0000000000000000        0x0 build/list.o
 .group         0x0000000000000000        0x8 build/sync.o
 .group         0x0000000000000000        0x8 build/sync.o
 .text.__x86.get_pc_thunk.ax
                0x0000000000000000        0x4 build/sync.o
 .text.__x86.get_pc_thunk.bx
                0x0000000000000000        0x4 build/sync.o
 .note.GNU-stack
                0x0000000000000000        0x0 build/sync.o
 .group         0x0000000000000000        0x8 build/console.o
 .group         0x0000000000000000        0x8 build/console.o
 .text.__x86.get_pc_thunk.ax
                0x0000000000000000        0x4 build/console.o
 .text.__x86.get_pc_thunk.bx
                0x0000000000000000        0x4 build/console.o
 .note.GNU-stack
                0x0000000000000000        0x0 build/console.o
 .group         0x0000000000000000        0x8 build/keyboard.o
 .group         0x0000000000000000        0x8 build/keyboard.o
 .text.__x86.get_pc_thunk.ax
                0x0000000000000000        0x4 build/keyboard.o
 .text.__x86.get_pc_thunk.bx
                0x0000000000000000        0x4 build/keyboard.o
 .note.GNU-stack
                0x0000000000000000        0x0 build/keyboard.o
 .group         0x0000000000000000        0x8 build/ioqueue.o
 .group         0x0000000000000000        0x8 build/ioqueue.o
 .text.__x86.get_pc_thunk.ax
                0x0000000000000000        0x4 build/ioqueue.o
 .text.__x86.get_pc_thunk.bx
                0x0000000000000000        0x4 build/ioqueue.o
 .note.GNU-stack
                0x0000000000000000        0x0 build/ioqueue.o
 .group         0x0000000000000000        0x8 build/tss.o
 .group         0x0000000000000000        0x8 build/tss.o
 .text.__x86.get_pc_thunk.ax
                0x0000000000000000        0x4 build/tss.o
 .text.__x86.get_pc_thunk.bx
                0x0000000000000000        0x4 build/tss.o
 .note.GNU-stack
                0x0000000000000000        0x0 build/tss.o
 .group         0x0000000000000000        0x8 build/process.o
 .group         0x0000000000000000        0x8 build/process.o
 .text.__x86.get_pc_thunk.ax
                0x0000000000000000        0x4 build/process.o
 .text.__x86.get_pc_thunk.bx
                0x0000000000000000        0x4 build/process.o
 .note.GNU-stack
                0x0000000000000000        0x0 build/process.o
 .group         0x0000000000000000        0x8 build/syscall.o
 .text.__x86.get_pc_thunk.ax
                0x0000000000000000        0x4 build/syscall.o
 .note.GNU-stack
                0x0000000000000000        0x0 build/syscall.o
 .group         0x0000000000000000        0x8 build/syscall-init.o
 .group         0x0000000000000000        0x8 build/syscall-init.o
 .text.__x86.get_pc_thunk.ax
                0x0000000000000000        0x4 build/syscall-init.o
 .text.__x86.get_pc_thunk.bx
                0x0000000000000000        0x4 build/syscall-init.o
 .note.GNU-stack
                0x0000000000000000        0x0 build/syscall-init.o
 .group         0x0000000000000000        0x8 build/stdio.o
 .group         0x0000000000000000        0x8 build/stdio.o
 .text.__x86.get_pc_thunk.ax
                0x0000000000000000        0x4 build/stdio.o
 .text.__x86.get_pc_thunk.bx
                0x0000000000000000        0x4 build/stdio.o
 .note.GNU-stack
                0x0000000000000000        0x0 build/stdio.o
 .group         0x0000000000000000        0x8 build/stdio-kernel.o
 .text.__x86.get_pc_thunk.bx
                0x0000000000000000        0x4 build/stdio-kernel.o
 .note.GNU-stack
                0x0000000000000000        0x0 build/stdio-kernel.o
 .group         0x0000000000000000        0x8 build/ide.o
 .group         0x0000000000000000        0x8 build/ide.o
 .text.__x86.get_pc_thunk.ax
                0x0000000000000000        0x4 build/ide.o
 .text.__x86.get_pc_thunk.bx
                0x0000000000000000        0x4 build/ide.o
 .note.GNU-stack
                0x0000000000000000        0x0 build/ide.o

Memory Configuration

Name             Origin             Length             Attributes
*default*        0x0000000000000000 0xffffffffffffffff

Linker script and memory map

Address of section .text set to 0xc0001500
LOAD build/main.o
LOAD build/init.o
LOAD build/interrupt.o
LOAD build/timer.o
LOAD build/kernel.o
LOAD build/print.o
LOAD build/switch.o
LOAD build/debug.o
LOAD build/string.o
LOAD build/memory.o
LOAD build/bitmap.o
LOAD build/thread.o
LOAD build/list.o
LOAD build/sync.o
LOAD build/console.o
LOAD build/keyboard.o
LOAD build/ioqueue.o
LOAD build/tss.o
LOAD build/process.o
LOAD build/syscall.o
LOAD build/syscall-init.o
LOAD build/stdio.o
LOAD build/stdio-kernel.o
LOAD build/ide.o
                [!provide]                        PROVIDE (__executable_start = SEGMENT_START ("text-segment", 0x8048000))
                0x0000000008048094                . = (SEGMENT_START ("text-segment", 0x8048000) + SIZEOF_HEADERS)

.interp
 *(.interp)

.note.gnu.build-id
 *(.note.gnu.build-id)

.hash
 *(.hash)

.gnu.hash
 *(.gnu.hash)

.dynsym
 *(.dynsym)

.dynstr
 *(.dynstr)

.gnu.version
 *(.gnu.version)

.gnu.version_d
 *(.gnu.version_d)

.gnu.version_r
 *(.gnu.version_r)

.rel.dyn        0x0000000008048094        0x0
 *(.rel.init)
 *(.rel.text .rel.text.* .rel.gnu.linkonce.t.*)
 .rel.text      0x0000000008048094        0x0 build/main.o
 *(.rel.fini)
 *(.rel.rodata .rel.rodata.* .rel.gnu.linkonce.r.*)
 *(.rel.data.rel.ro .rel.data.rel.ro.* .rel.gnu.linkonce.d.rel.ro.*)
 *(.rel.data .rel.data.* .rel.gnu.linkonce.d.*)
 *(.rel.tdata .rel.tdata.* .rel.gnu.linkonce.td.*)
 *(.rel.tbss .rel.tbss.* .rel.gnu.linkonce.tb.*)
 *(.rel.ctors)
 *(.rel.dtors)
 *(.rel.got)
 .rel.got       0x0000000008048094        0x0 build/main.o
 *(.rel.bss .rel.bss.* .rel.gnu.linkonce.b.*)
 *(.rel.ifunc)

.rel.plt        0x0000000008048094        0x0
 *(.rel.plt)
                [!provide]                        PROVIDE (__rel_iplt_start = .)
 *(.rel.iplt)
 .rel.iplt      0x0000000008048094        0x0 build/main.o
                [!provide]                        PROVIDE (__rel_iplt_end = .)

.init
 *(SORT_NONE(.init))

.plt            0x0000000008048098        0x0
 *(.plt)
 *(.iplt)
 .iplt          0x0000000008048098        0x0 build/main.o

.plt.got
 *(.plt.got)

.plt.sec
 *(.plt.sec)

.text           0x00000000c0001500     0x5d42
 *(.text.unlikely .text.*_unlikely .text.unlikely.*)
 *(.text.exit .text.exit.*)
 *(.text.startup .text.startup.*)
 *(.text.hot .text.hot.*)
 *(.text .stub .text.* .gnu.linkonce.t.*)
 .text          0x00000000c0001500      0x3da build/main.o
                0x00000000c0001500                main
                0x00000000c00015a8                k_thread_a
                0x00000000c000169a                k_thread_b
                0x00000000c000178c                u_prog_a
                0x00000000c0001833                u_prog_b
 .text.__x86.get_pc_thunk.bx
                0x00000000c00018da        0x4 build/main.o
                0x00000000c00018da                __x86.get_pc_thunk.bx
 .text          0x00000000c00018de       0x5c build/init.o
                0x00000000c00018de                init_all
 .text          0x00000000c000193a      0x583 build/interrupt.o
                0x00000000c0001d5f                intr_enable
                0x00000000c0001d92                intr_disable
                0x00000000c0001dc5                intr_set_status
                0x00000000c0001ded                intr_get_status
                0x00000000c0001e14                register_handler
                0x00000000c0001e3d                idt_init
 .text.__x86.get_pc_thunk.ax
                0x00000000c0001ebd        0x4 build/interrupt.o
                0x00000000c0001ebd                __x86.get_pc_thunk.ax
 .text          0x00000000c0001ec1      0x258 build/timer.o
                0x00000000c0002014                timer_init
                0x00000000c00020b7                mtime_sleep
 .text.__x86.get_pc_thunk.cx
                0x00000000c0002119        0x4 build/timer.o
                0x00000000c0002119                __x86.get_pc_thunk.cx
 *fill*         0x00000000c000211d        0x3 
 .text          0x00000000c0002120      0x55b build/kernel.o
                0x00000000c0002120                intr_exit
                0x00000000c0002657                syscall_handler
 *fill*         0x00000000c000267b        0x5 
 .text          0x00000000c0002680      0x178 build/print.o
                0x00000000c0002688                put_str
                0x00000000c00026a6                put_char
                0x00000000c0002773                put_int
                0x00000000c00027d4                set_cursor
 *fill*         0x00000000c00027f8        0x8 
 .text          0x00000000c0002800       0x15 build/switch.o
                0x00000000c0002800                switch_to
 .text          0x00000000c0002815       0xf4 build/debug.o
                0x00000000c0002815                panic_spin
 .text          0x00000000c0002909      0x4ac build/string.o
                0x00000000c0002909                memset
                0x00000000c0002971                memcpy
                0x00000000c00029e7                memcmp
                0x00000000c0002a80                strcpy
                0x00000000c0002aeb                strlen
                0x00000000c0002b4c                strcmp
                0x00000000c0002bdb                strchr
                0x00000000c0002c49                strrchr
                0x00000000c0002cbd                strcat
                0x00000000c0002d3d                strchrs
 .text          0x00000000c0002db5     0x132f build/memory.o
                0x00000000c0002ee8                pte_ptr
                0x00000000c0002f22                pde_ptr
                0x00000000c00030d9                malloc_page
                0x00000000c00031b2                get_kernel_pages
                0x00000000c0003226                get_user_pages
                0x00000000c0003294                get_a_page
                0x00000000c000341e                addr_v2p
                0x00000000c00036fc                sys_malloc
                0x00000000c0003a54                block_desc_init
                0x00000000c0003af7                pfree
                0x00000000c0003c6d                mfree_page
                0x00000000c0003e6c                sys_free
                0x00000000c000407e                mem_init
 .text          0x00000000c00040e4      0x28d build/bitmap.o
                0x00000000c00040e4                bitmap_init
                0x00000000c0004117                bitmap_scan_test
                0x00000000c0004161                bitmap_scan
                0x00000000c00042a9                bitmap_set
 .text          0x00000000c0004371      0x7e9 build/thread.o
                0x00000000c00043e5                running_thread
                0x00000000c0004430                thread_create
                0x00000000c00044b4                init_thread
                0x00000000c000456d                thread_start
                0x00000000c000470c                schedule
                0x00000000c0004889                thread_block
                0x00000000c0004901                thread_yield
                0x00000000c000499e                thread_unblock
                0x00000000c0004abf                thread_init
 .text.__x86.get_pc_thunk.dx
                0x00000000c0004b5a        0x4 build/thread.o
                0x00000000c0004b5a                __x86.get_pc_thunk.dx
 .text          0x00000000c0004b5e      0x25f build/list.o
                0x00000000c0004b5e                list_init
                0x00000000c0004b96                list_insert_before
                0x00000000c0004bea                list_push
                0x00000000c0004c12                list_append
                0x00000000c0004c3a                list_remove
                0x00000000c0004c83                list_pop
                0x00000000c0004caf                elem_find
                0x00000000c0004cf4                list_traversal
                0x00000000c0004d5b                list_len
                0x00000000c0004d9a                list_empty
 .text          0x00000000c0004dbd      0x391 build/sync.o
                0x00000000c0004dbd                sema_init
                0x00000000c0004df7                lock_init
                0x00000000c0004e31                sema_down
                0x00000000c0004f4d                sema_up
                0x00000000c0005017                lock_acquire
                0x00000000c000509f                lock_release
 .text          0x00000000c000514e      0x119 build/console.o
                0x00000000c000514e                console_init
                0x00000000c0005179                console_acquire
                0x00000000c00051a4                console_release
                0x00000000c00051cf                console_put_str
                0x00000000c00051ff                console_put_char
                0x00000000c0005237                console_put_int
 .text          0x00000000c0005267      0x32f build/keyboard.o
                0x00000000c0005534                keyboard_init
 .text          0x00000000c0005596      0x382 build/ioqueue.o
                0x00000000c0005596                ioqueue_init
                0x00000000c000560c                ioq_full
                0x00000000c000566d                ioq_empty
                0x00000000c0005779                ioq_getchar
                0x00000000c0005847                ioq_putchar
 .text          0x00000000c0005918      0x1b2 build/tss.o
                0x00000000c0005918                update_tss_esp
                0x00000000c00059a9                tss_init
 .text          0x00000000c0005aca      0x3ed build/process.o
                0x00000000c0005aca                start_process
                0x00000000c0005bde                page_dir_activate
                0x00000000c0005c23                process_activate
                0x00000000c0005c86                create_page_dir
                0x00000000c0005d0f                create_user_vaddr_bitmap
                0x00000000c0005d6a                process_execute
 .text          0x00000000c0005eb7       0x98 build/syscall.o
                0x00000000c0005eb7                getpid
                0x00000000c0005ed6                write
                0x00000000c0005eff                malloc
                0x00000000c0005f28                free
 .text          0x00000000c0005f4f       0xcd build/syscall-init.o
                0x00000000c0005f4f                sys_getpid
                0x00000000c0005f72                sys_write
                0x00000000c0005fa5                syscall_init
 .text          0x00000000c000601c      0x2c0 build/stdio.o
                0x00000000c00060ad                vsprintf
                0x00000000c0006239                sprintf
                0x00000000c0006273                printf
 .text          0x00000000c00062dc       0x6a build/stdio-kernel.o
                0x00000000c00062dc                printk
 .text          0x00000000c0006346      0xefc build/ide.o
                0x00000000c00066ca                ide_read
                0x00000000c000685f                ide_write
                0x00000000c0006f16                intr_hd_handler
                0x00000000c0006fee                ide_init
 *(.gnu.warning)

.fini
 *(SORT_NONE(.fini))
                [!provide]                        PROVIDE (__etext = .)
                [!provide]                        PROVIDE (_etext = .)
                [!provide]                        PROVIDE (etext = .)

.rodata         0x00000000c0007244     0x117d
 *(.rodata .rodata.* .gnu.linkonce.r.*)
 .rodata        0x00000000c0007244       0xcc build/main.o
 .rodata        0x00000000c0007310        0xa build/init.o
 *fill*         0x00000000c000731a        0x2 
 .rodata        0x00000000c000731c      0x2cd build/interrupt.o
 *fill*         0x00000000c00075e9        0x3 
 .rodata        0x00000000c00075ec       0x88 build/timer.o
 .rodata        0x00000000c0007674       0x3f build/debug.o
 *fill*         0x00000000c00076b3        0x1 
 .rodata        0x00000000c00076b4       0xac build/string.o
 .rodata        0x00000000c0007760      0x3bd build/memory.o
 *fill*         0x00000000c0007b1d        0x3 
 .rodata        0x00000000c0007b20       0x6b build/bitmap.o
 *fill*         0x00000000c0007b8b        0x1 
 .rodata        0x00000000c0007b8c      0x2df build/thread.o
 *fill*         0x00000000c0007e6b        0x1 
 .rodata        0x00000000c0007e6c      0x135 build/sync.o
 .rodata        0x00000000c0007fa1       0x36 build/keyboard.o
 *fill*         0x00000000c0007fd7        0x1 
 .rodata        0x00000000c0007fd8       0xa8 build/ioqueue.o
 .rodata        0x00000000c0008080       0x27 build/tss.o
 *fill*         0x00000000c00080a7        0x1 
 .rodata        0x00000000c00080a8       0xe0 build/process.o
 .rodata        0x00000000c0008188       0x27 build/syscall-init.o
 *fill*         0x00000000c00081af        0x1 
 .rodata        0x00000000c00081b0      0x211 build/ide.o

.rodata1
 *(.rodata1)

.eh_frame_hdr
 *(.eh_frame_hdr)
 *(.eh_frame_entry .eh_frame_entry.*)

.eh_frame       0x00000000c00083c4     0x1444
 *(.eh_frame)
 .eh_frame      0x00000000c00083c4       0xc4 build/main.o
 .eh_frame      0x00000000c0008488       0x24 build/init.o
                                         0x50 (size before relaxing)
 .eh_frame      0x00000000c00084ac      0x1b4 build/interrupt.o
                                        0x1e0 (size before relaxing)
 .eh_frame      0x00000000c0008660       0xf0 build/timer.o
                                        0x130 (size before relaxing)
 .eh_frame      0x00000000c0008750       0x1c build/debug.o
                                         0x48 (size before relaxing)
 .eh_frame      0x00000000c000876c      0x168 build/string.o
                                        0x194 (size before relaxing)
 .eh_frame      0x00000000c00088d4      0x2dc build/memory.o
                                        0x31c (size before relaxing)
 .eh_frame      0x00000000c0008bb0       0x90 build/bitmap.o
                                         0xbc (size before relaxing)
 .eh_frame      0x00000000c0008c40      0x1d8 build/thread.o
                                        0x218 (size before relaxing)
 .eh_frame      0x00000000c0008e18      0x148 build/list.o
                                        0x188 (size before relaxing)
 .eh_frame      0x00000000c0008f60       0xdc build/sync.o
                                        0x11c (size before relaxing)
 .eh_frame      0x00000000c000903c       0xd8 build/console.o
                                        0x118 (size before relaxing)
 .eh_frame      0x00000000c0009114       0x68 build/keyboard.o
                                         0xa8 (size before relaxing)
 .eh_frame      0x00000000c000917c      0x11c build/ioqueue.o
                                        0x15c (size before relaxing)
 .eh_frame      0x00000000c0009298       0x6c build/tss.o
                                         0xac (size before relaxing)
 .eh_frame      0x00000000c0009304       0xd8 build/process.o
                                        0x118 (size before relaxing)
 .eh_frame      0x00000000c00093dc       0x8c build/syscall.o
                                         0xb8 (size before relaxing)
 .eh_frame      0x00000000c0009468       0x6c build/syscall-init.o
                                         0xac (size before relaxing)
 .eh_frame      0x00000000c00094d4       0x90 build/stdio.o
                                         0xd0 (size before relaxing)
 .eh_frame      0x00000000c0009564       0x28 build/stdio-kernel.o
                                         0x54 (size before relaxing)
 .eh_frame      0x00000000c000958c      0x27c build/ide.o
                                        0x2bc (size before relaxing)
 *(.eh_frame.*)

.gcc_except_table
 *(.gcc_except_table .gcc_except_table.*)

.gnu_extab
 *(.gnu_extab*)

.exception_ranges
 *(.exception_ranges .exception_ranges*)
                0x00000000c000b000                . = DATA_SEGMENT_ALIGN (CONSTANT (MAXPAGESIZE), CONSTANT (COMMONPAGESIZE))

.eh_frame
 *(.eh_frame)
 *(.eh_frame.*)

.gnu_extab
 *(.gnu_extab)

.gcc_except_table
 *(.gcc_except_table .gcc_except_table.*)

.exception_ranges
 *(.exception_ranges .exception_ranges*)

.tdata
 *(.tdata .tdata.* .gnu.linkonce.td.*)

.tbss
 *(.tbss .tbss.* .gnu.linkonce.tb.*)
 *(.tcommon)

.preinit_array  0x00000000c000b000        0x0
                [!provide]                        PROVIDE (__preinit_array_start = .)
 *(.preinit_array)
                [!provide]                        PROVIDE (__preinit_array_end = .)

.init_array     0x00000000c000b000        0x0
                [!provide]                        PROVIDE (__init_array_start = .)
 *(SORT_BY_INIT_PRIORITY(.init_array.*) SORT_BY_INIT_PRIORITY(.ctors.*))
 *(.init_array EXCLUDE_FILE(*crtend?.o *crtend.o *crtbegin?.o *crtbegin.o) .ctors)
                [!provide]                        PROVIDE (__init_array_end = .)

.fini_array     0x00000000c000b000        0x0
                [!provide]                        PROVIDE (__fini_array_start = .)
 *(SORT_BY_INIT_PRIORITY(.fini_array.*) SORT_BY_INIT_PRIORITY(.dtors.*))
 *(.fini_array EXCLUDE_FILE(*crtend?.o *crtend.o *crtbegin?.o *crtbegin.o) .dtors)
                [!provide]                        PROVIDE (__fini_array_end = .)

.ctors
 *crtbegin.o(.ctors)
 *crtbegin?.o(.ctors)
 *(EXCLUDE_FILE(*crtend?.o *crtend.o) .ctors)
 *(SORT_BY_NAME(.ctors.*))
 *(.ctors)

.dtors
 *crtbegin.o(.dtors)
 *crtbegin?.o(.dtors)
 *(EXCLUDE_FILE(*crtend?.o *crtend.o) .dtors)
 *(SORT_BY_NAME(.dtors.*))
 *(.dtors)

.jcr
 *(.jcr)

.data.rel.ro
 *(.data.rel.ro.local* .gnu.linkonce.d.rel.ro.local.*)
 *(.data.rel.ro .data.rel.ro.* .gnu.linkonce.d.rel.ro.*)

.dynamic
 *(.dynamic)

.got            0x00000000c000b000        0x0
 *(.got)
 .got           0x00000000c000b000        0x0 build/main.o
 *(.igot)
                0x00000000c000bff4                . = DATA_SEGMENT_RELRO_END (., (SIZEOF (.got.plt) >= 0xc)?0xc:0x0)

.got.plt        0x00000000c000b000        0xc
 *(.got.plt)
 .got.plt       0x00000000c000b000        0xc build/main.o
                0x00000000c000b000                _GLOBAL_OFFSET_TABLE_
 *(.igot.plt)
 .igot.plt      0x00000000c000b00c        0x0 build/main.o

.data           0x00000000c000b020      0x136
 *(.data .data.* .gnu.linkonce.d.*)
 .data          0x00000000c000b020        0x0 build/main.o
 .data          0x00000000c000b020        0x0 build/init.o
 .data          0x00000000c000b020        0x0 build/interrupt.o
 .data          0x00000000c000b020        0x0 build/timer.o
 .data          0x00000000c000b020       0xc0 build/kernel.o
                0x00000000c000b020                intr_entry_table
 .data          0x00000000c000b0e0        0x0 build/debug.o
 .data          0x00000000c000b0e0        0x0 build/string.o
 .data          0x00000000c000b0e0        0x0 build/memory.o
 .data          0x00000000c000b0e0        0x0 build/bitmap.o
 .data          0x00000000c000b0e0        0x0 build/thread.o
 .data          0x00000000c000b0e0        0x0 build/list.o
 .data          0x00000000c000b0e0        0x0 build/sync.o
 .data          0x00000000c000b0e0        0x0 build/console.o
 .data          0x00000000c000b0e0       0x76 build/keyboard.o
 .data          0x00000000c000b156        0x0 build/ioqueue.o
 .data          0x00000000c000b156        0x0 build/tss.o
 .data          0x00000000c000b156        0x0 build/process.o
 .data          0x00000000c000b156        0x0 build/syscall.o
 .data          0x00000000c000b156        0x0 build/syscall-init.o
 .data          0x00000000c000b156        0x0 build/stdio.o
 .data          0x00000000c000b156        0x0 build/stdio-kernel.o
 .data          0x00000000c000b156        0x0 build/ide.o

.data1
 *(.data1)
                0x00000000c000b156                _edata = .
                [!provide]                        PROVIDE (edata = .)
                0x00000000c000b156                . = .
                0x00000000c000b156                __bss_start = .

.bss            0x00000000c000b160     0x1890
 *(.dynbss)
 *(.bss .bss.* .gnu.linkonce.b.*)
 .bss           0x00000000c000b160        0x8 build/main.o
                0x00000000c000b160                prog_a_pid
                0x00000000c000b164                prog_b_pid
 .bss           0x00000000c000b168        0x0 build/init.o
 *fill*         0x00000000c000b168       0x18 
 .bss           0x00000000c000b180      0x408 build/interrupt.o
 .bss           0x00000000c000b588        0x0 build/timer.o
 .bss           0x00000000c000b588        0x0 build/debug.o
 .bss           0x00000000c000b588        0x0 build/string.o
 .bss           0x00000000c000b588        0x0 build/memory.o
 .bss           0x00000000c000b588        0x0 build/bitmap.o
 .bss           0x00000000c000b588        0x6 build/thread.o
 .bss           0x00000000c000b58e        0x0 build/list.o
 .bss           0x00000000c000b58e        0x0 build/sync.o
 *fill*         0x00000000c000b58e        0x2 
 .bss           0x00000000c000b590       0x1c build/console.o
 .bss           0x00000000c000b5ac       0x14 build/keyboard.o
 .bss           0x00000000c000b5c0        0x0 build/ioqueue.o
 .bss           0x00000000c000b5c0       0x6c build/tss.o
 .bss           0x00000000c000b62c        0x0 build/process.o
 .bss           0x00000000c000b62c        0x0 build/syscall.o
 .bss           0x00000000c000b62c        0x0 build/syscall-init.o
 .bss           0x00000000c000b62c        0x0 build/stdio.o
 .bss           0x00000000c000b62c        0x0 build/stdio-kernel.o
 .bss           0x00000000c000b62c        0x6 build/ide.o
                0x00000000c000b62c                ext_lba_base
                0x00000000c000b630                p_no
                0x00000000c000b631                l_no
 *(COMMON)
 *fill*         0x00000000c000b632        0xe 
 COMMON         0x00000000c000b640      0x424 build/interrupt.o
                0x00000000c000b640                intr_name
                0x00000000c000b860                idt_table
 COMMON         0x00000000c000ba64        0x4 build/timer.o
                0x00000000c000ba64                ticks
 *fill*         0x00000000c000ba68       0x18 
 COMMON         0x00000000c000ba80      0x12c build/memory.o
                0x00000000c000ba80                user_pool
                0x00000000c000bac0                k_block_descs
                0x00000000c000bb68                kernel_vaddr
                0x00000000c000bb80                kernel_pool
 COMMON         0x00000000c000bbac       0x44 build/thread.o
                0x00000000c000bbac                thread_ready_list
                0x00000000c000bbbc                thread_all_list
                0x00000000c000bbcc                idle_thread
                0x00000000c000bbd0                main_thread
                0x00000000c000bbd4                pid_lock
 *fill*         0x00000000c000bbf0       0x10 
 COMMON         0x00000000c000bc00       0x6c build/keyboard.o
                0x00000000c000bc00                kbd_buf
 *fill*         0x00000000c000bc6c       0x14 
 COMMON         0x00000000c000bc80       0x80 build/syscall-init.o
                0x00000000c000bc80                syscall_table
 COMMON         0x00000000c000bd00      0xcf0 build/ide.o
                0x00000000c000bd00                channel_cnt
                0x00000000c000bd20                channels
                0x00000000c000c9e0                partition_list
                0x00000000c000c9f0                . = ALIGN ((. != 0x0)?0x4:0x1)
                0x00000000c000c9f0                . = ALIGN (0x4)
                0x00000000c000c9f0                . = SEGMENT_START ("ldata-segment", .)
                0x00000000c000c9f0                . = ALIGN (0x4)
                0x00000000c000c9f0                _end = .
                [!provide]                        PROVIDE (end = .)
                0x00000000c000c9f0                . = DATA_SEGMENT_END (.)

.stab
 *(.stab)

.stabstr
 *(.stabstr)

.stab.excl
 *(.stab.excl)

.stab.exclstr
 *(.stab.exclstr)

.stab.index
 *(.stab.index)

.stab.indexstr
 *(.stab.indexstr)

.comment        0x0000000000000000       0x29
 *(.comment)
 .comment       0x0000000000000000       0x29 build/main.o
                                         0x2a (size before relaxing)
 .comment       0x0000000000000029       0x2a build/init.o
 .comment       0x0000000000000029       0x2a build/interrupt.o
 .comment       0x0000000000000029       0x2a build/timer.o
 .comment       0x0000000000000029       0x2a build/debug.o
 .comment       0x0000000000000029       0x2a build/string.o
 .comment       0x0000000000000029       0x2a build/memory.o
 .comment       0x0000000000000029       0x2a build/bitmap.o
 .comment       0x0000000000000029       0x2a build/thread.o
 .comment       0x0000000000000029       0x2a build/list.o
 .comment       0x0000000000000029       0x2a build/sync.o
 .comment       0x0000000000000029       0x2a build/console.o
 .comment       0x0000000000000029       0x2a build/keyboard.o
 .comment       0x0000000000000029       0x2a build/ioqueue.o
 .comment       0x0000000000000029       0x2a build/tss.o
 .comment       0x0000000000000029       0x2a build/process.o
 .comment       0x0000000000000029       0x2a build/syscall.o
 .comment       0x0000000000000029       0x2a build/syscall-init.o
 .comment       0x0000000000000029       0x2a build/stdio.o
 .comment       0x0000000000000029       0x2a build/stdio-kernel.o
 .comment       0x0000000000000029       0x2a build/ide.o

.debug
 *(.debug)

.line
 *(.line)

.debug_srcinfo
 *(.debug_srcinfo)

.debug_sfnames
 *(.debug_sfnames)

.debug_aranges
 *(.debug_aranges)

.debug_pubnames
 *(.debug_pubnames)

.debug_info
 *(.debug_info .gnu.linkonce.wi.*)

.debug_abbrev
 *(.debug_abbrev)

.debug_line
 *(.debug_line .debug_line.* .debug_line_end)

.debug_frame
 *(.debug_frame)

.debug_str
 *(.debug_str)

.debug_loc
 *(.debug_loc)

.debug_macinfo
 *(.debug_macinfo)

.debug_weaknames
 *(.debug_weaknames)

.debug_funcnames
 *(.debug_funcnames)

.debug_typenames
 *(.debug_typenames)

.debug_varnames
 *(.debug_varnames)

.debug_pubtypes
 *(.debug_pubtypes)

.debug_ranges
 *(.debug_ranges)

.debug_macro
 *(.debug_macro)

.debug_addr
 *(.debug_addr)

.gnu.attributes
 *(.gnu.attributes)

/DISCARD/
 *(.note.GNU-stack)
 *(.gnu_debuglink)
 *(.gnu.lto_*)
OUTPUT(build/kernel.bin elf32-i386)
