
Allocating common symbols
Common symbol       size              file

pid_pool            0x28              build/thread.o
argv                0x40              build/shell.o
kbd_buf             0x6c              build/keyboard.o
root_dir            0x208             build/dir.o
thread_ready_list   0x10              build/thread.o
thread_all_list     0x10              build/thread.o
user_pool           0x2c              build/memory.o
channel_cnt         0x1               build/ide.o
cur_part            0x4               build/fs.o
k_block_descs       0xa8              build/memory.o
idle_thread         0x4               build/thread.o
intr_name           0x204             build/interrupt.o
main_thread         0x4               build/thread.o
channels            0xcc0             build/ide.o
ticks               0x4               build/timer.o
kernel_vaddr        0xc               build/memory.o
syscall_table       0x80              build/syscall-init.o
idt_table           0x204             build/interrupt.o
file_table          0x180             build/file.o
partition_list      0x10              build/ide.o
kernel_pool         0x2c              build/memory.o

Discarded input sections

 .group         0x0000000000000000        0x8 build/main.o
 .note.GNU-stack
                0x0000000000000000        0x0 build/main.o
 .group         0x0000000000000000        0x8 build/init.o
 .text.__x86.get_pc_thunk.bx
                0x0000000000000000        0x4 build/init.o
 .note.GNU-stack
                0x0000000000000000        0x0 build/init.o
 .group         0x0000000000000000        0x8 build/interrupt.o
 .group         0x0000000000000000        0x8 build/interrupt.o
 .text.__x86.get_pc_thunk.bx
                0x0000000000000000        0x4 build/interrupt.o
 .note.GNU-stack
                0x0000000000000000        0x0 build/interrupt.o
 .group         0x0000000000000000        0x8 build/timer.o
 .group         0x0000000000000000        0x8 build/timer.o
 .group         0x0000000000000000        0x8 build/timer.o
 .text.__x86.get_pc_thunk.ax
                0x0000000000000000        0x4 build/timer.o
 .text.__x86.get_pc_thunk.bx
                0x0000000000000000        0x4 build/timer.o
 .note.GNU-stack
                0x0000000000000000        0x0 build/timer.o
 .group         0x0000000000000000        0x8 build/debug.o
 .text.__x86.get_pc_thunk.bx
                0x0000000000000000        0x4 build/debug.o
 .note.GNU-stack
                0x0000000000000000        0x0 build/debug.o
 .group         0x0000000000000000        0x8 build/string.o
 .text.__x86.get_pc_thunk.ax
                0x0000000000000000        0x4 build/string.o
 .note.GNU-stack
                0x0000000000000000        0x0 build/string.o
 .group         0x0000000000000000        0x8 build/memory.o
 .group         0x0000000000000000        0x8 build/memory.o
 .text.__x86.get_pc_thunk.ax
                0x0000000000000000        0x4 build/memory.o
 .text.__x86.get_pc_thunk.bx
                0x0000000000000000        0x4 build/memory.o
 .note.GNU-stack
                0x0000000000000000        0x0 build/memory.o
 .group         0x0000000000000000        0x8 build/bitmap.o
 .text.__x86.get_pc_thunk.ax
                0x0000000000000000        0x4 build/bitmap.o
 .note.GNU-stack
                0x0000000000000000        0x0 build/bitmap.o
 .group         0x0000000000000000        0x8 build/thread.o
 .group         0x0000000000000000        0x8 build/thread.o
 .group         0x0000000000000000        0x8 build/thread.o
 .text.__x86.get_pc_thunk.ax
                0x0000000000000000        0x4 build/thread.o
 .text.__x86.get_pc_thunk.bx
                0x0000000000000000        0x4 build/thread.o
 .note.GNU-stack
                0x0000000000000000        0x0 build/thread.o
 .group         0x0000000000000000        0x8 build/list.o
 .group         0x0000000000000000        0x8 build/list.o
 .text.__x86.get_pc_thunk.ax
                0x0000000000000000        0x4 build/list.o
 .text.__x86.get_pc_thunk.bx
                0x0000000000000000        0x4 build/list.o
 .note.GNU-stack
                0x0000000000000000        0x0 build/list.o
 .group         0x0000000000000000        0x8 build/sync.o
 .group         0x0000000000000000        0x8 build/sync.o
 .text.__x86.get_pc_thunk.ax
                0x0000000000000000        0x4 build/sync.o
 .text.__x86.get_pc_thunk.bx
                0x0000000000000000        0x4 build/sync.o
 .note.GNU-stack
                0x0000000000000000        0x0 build/sync.o
 .group         0x0000000000000000        0x8 build/console.o
 .group         0x0000000000000000        0x8 build/console.o
 .text.__x86.get_pc_thunk.ax
                0x0000000000000000        0x4 build/console.o
 .text.__x86.get_pc_thunk.bx
                0x0000000000000000        0x4 build/console.o
 .note.GNU-stack
                0x0000000000000000        0x0 build/console.o
 .group         0x0000000000000000        0x8 build/keyboard.o
 .group         0x0000000000000000        0x8 build/keyboard.o
 .text.__x86.get_pc_thunk.ax
                0x0000000000000000        0x4 build/keyboard.o
 .text.__x86.get_pc_thunk.bx
                0x0000000000000000        0x4 build/keyboard.o
 .note.GNU-stack
                0x0000000000000000        0x0 build/keyboard.o
 .group         0x0000000000000000        0x8 build/ioqueue.o
 .group         0x0000000000000000        0x8 build/ioqueue.o
 .text.__x86.get_pc_thunk.ax
                0x0000000000000000        0x4 build/ioqueue.o
 .text.__x86.get_pc_thunk.bx
                0x0000000000000000        0x4 build/ioqueue.o
 .note.GNU-stack
                0x0000000000000000        0x0 build/ioqueue.o
 .group         0x0000000000000000        0x8 build/tss.o
 .group         0x0000000000000000        0x8 build/tss.o
 .text.__x86.get_pc_thunk.ax
                0x0000000000000000        0x4 build/tss.o
 .text.__x86.get_pc_thunk.bx
                0x0000000000000000        0x4 build/tss.o
 .note.GNU-stack
                0x0000000000000000        0x0 build/tss.o
 .group         0x0000000000000000        0x8 build/process.o
 .group         0x0000000000000000        0x8 build/process.o
 .text.__x86.get_pc_thunk.ax
                0x0000000000000000        0x4 build/process.o
 .text.__x86.get_pc_thunk.bx
                0x0000000000000000        0x4 build/process.o
 .note.GNU-stack
                0x0000000000000000        0x0 build/process.o
 .group         0x0000000000000000        0x8 build/syscall.o
 .text.__x86.get_pc_thunk.ax
                0x0000000000000000        0x4 build/syscall.o
 .note.GNU-stack
                0x0000000000000000        0x0 build/syscall.o
 .group         0x0000000000000000        0x8 build/syscall-init.o
 .group         0x0000000000000000        0x8 build/syscall-init.o
 .text.__x86.get_pc_thunk.ax
                0x0000000000000000        0x4 build/syscall-init.o
 .text.__x86.get_pc_thunk.bx
                0x0000000000000000        0x4 build/syscall-init.o
 .note.GNU-stack
                0x0000000000000000        0x0 build/syscall-init.o
 .group         0x0000000000000000        0x8 build/stdio.o
 .group         0x0000000000000000        0x8 build/stdio.o
 .text.__x86.get_pc_thunk.ax
                0x0000000000000000        0x4 build/stdio.o
 .text.__x86.get_pc_thunk.bx
                0x0000000000000000        0x4 build/stdio.o
 .note.GNU-stack
                0x0000000000000000        0x0 build/stdio.o
 .group         0x0000000000000000        0x8 build/stdio-kernel.o
 .text.__x86.get_pc_thunk.bx
                0x0000000000000000        0x4 build/stdio-kernel.o
 .note.GNU-stack
                0x0000000000000000        0x0 build/stdio-kernel.o
 .group         0x0000000000000000        0x8 build/ide.o
 .group         0x0000000000000000        0x8 build/ide.o
 .text.__x86.get_pc_thunk.ax
                0x0000000000000000        0x4 build/ide.o
 .text.__x86.get_pc_thunk.bx
                0x0000000000000000        0x4 build/ide.o
 .note.GNU-stack
                0x0000000000000000        0x0 build/ide.o
 .group         0x0000000000000000        0x8 build/fs.o
 .group         0x0000000000000000        0x8 build/fs.o
 .text.__x86.get_pc_thunk.ax
                0x0000000000000000        0x4 build/fs.o
 .text.__x86.get_pc_thunk.bx
                0x0000000000000000        0x4 build/fs.o
 .note.GNU-stack
                0x0000000000000000        0x0 build/fs.o
 .group         0x0000000000000000        0x8 build/inode.o
 .group         0x0000000000000000        0x8 build/inode.o
 .text.__x86.get_pc_thunk.ax
                0x0000000000000000        0x4 build/inode.o
 .text.__x86.get_pc_thunk.bx
                0x0000000000000000        0x4 build/inode.o
 .note.GNU-stack
                0x0000000000000000        0x0 build/inode.o
 .group         0x0000000000000000        0x8 build/file.o
 .group         0x0000000000000000        0x8 build/file.o
 .group         0x0000000000000000        0x8 build/file.o
 .text.__x86.get_pc_thunk.ax
                0x0000000000000000        0x4 build/file.o
 .text.__x86.get_pc_thunk.dx
                0x0000000000000000        0x4 build/file.o
 .text.__x86.get_pc_thunk.bx
                0x0000000000000000        0x4 build/file.o
 .note.GNU-stack
                0x0000000000000000        0x0 build/file.o
 .group         0x0000000000000000        0x8 build/dir.o
 .group         0x0000000000000000        0x8 build/dir.o
 .text.__x86.get_pc_thunk.ax
                0x0000000000000000        0x4 build/dir.o
 .text.__x86.get_pc_thunk.bx
                0x0000000000000000        0x4 build/dir.o
 .note.GNU-stack
                0x0000000000000000        0x0 build/dir.o
 .group         0x0000000000000000        0x8 build/fork.o
 .group         0x0000000000000000        0x8 build/fork.o
 .text.__x86.get_pc_thunk.ax
                0x0000000000000000        0x4 build/fork.o
 .text.__x86.get_pc_thunk.bx
                0x0000000000000000        0x4 build/fork.o
 .note.GNU-stack
                0x0000000000000000        0x0 build/fork.o
 .group         0x0000000000000000        0x8 build/shell.o
 .group         0x0000000000000000        0x8 build/shell.o
 .text.__x86.get_pc_thunk.ax
                0x0000000000000000        0x4 build/shell.o
 .text.__x86.get_pc_thunk.bx
                0x0000000000000000        0x4 build/shell.o
 .note.GNU-stack
                0x0000000000000000        0x0 build/shell.o
 .group         0x0000000000000000        0x8 build/assert.o
 .text.__x86.get_pc_thunk.ax
                0x0000000000000000        0x4 build/assert.o
 .note.GNU-stack
                0x0000000000000000        0x0 build/assert.o
 .group         0x0000000000000000        0x8 build/buildin_cmd.o
 .group         0x0000000000000000        0x8 build/buildin_cmd.o
 .text.__x86.get_pc_thunk.ax
                0x0000000000000000        0x4 build/buildin_cmd.o
 .text.__x86.get_pc_thunk.bx
                0x0000000000000000        0x4 build/buildin_cmd.o
 .note.GNU-stack
                0x0000000000000000        0x0 build/buildin_cmd.o
 .group         0x0000000000000000        0x8 build/exec.o
 .text.__x86.get_pc_thunk.bx
                0x0000000000000000        0x4 build/exec.o
 .note.GNU-stack
                0x0000000000000000        0x0 build/exec.o
 .group         0x0000000000000000        0x8 build/wait_exit.o
 .group         0x0000000000000000        0x8 build/wait_exit.o
 .text.__x86.get_pc_thunk.ax
                0x0000000000000000        0x4 build/wait_exit.o
 .text.__x86.get_pc_thunk.bx
                0x0000000000000000        0x4 build/wait_exit.o
 .note.GNU-stack
                0x0000000000000000        0x0 build/wait_exit.o

Memory Configuration

Name             Origin             Length             Attributes
*default*        0x0000000000000000 0xffffffffffffffff

Linker script and memory map

Address of section .text set to 0xc0001500
LOAD build/main.o
LOAD build/init.o
LOAD build/interrupt.o
LOAD build/timer.o
LOAD build/kernel.o
LOAD build/print.o
LOAD build/switch.o
LOAD build/debug.o
LOAD build/string.o
LOAD build/memory.o
LOAD build/bitmap.o
LOAD build/thread.o
LOAD build/list.o
LOAD build/sync.o
LOAD build/console.o
LOAD build/keyboard.o
LOAD build/ioqueue.o
LOAD build/tss.o
LOAD build/process.o
LOAD build/syscall.o
LOAD build/syscall-init.o
LOAD build/stdio.o
LOAD build/stdio-kernel.o
LOAD build/ide.o
LOAD build/fs.o
LOAD build/inode.o
LOAD build/file.o
LOAD build/dir.o
LOAD build/fork.o
LOAD build/shell.o
LOAD build/assert.o
LOAD build/buildin_cmd.o
LOAD build/exec.o
LOAD build/wait_exit.o
                [!provide]                        PROVIDE (__executable_start = SEGMENT_START ("text-segment", 0x8048000))
                0x0000000008048094                . = (SEGMENT_START ("text-segment", 0x8048000) + SIZEOF_HEADERS)

.interp
 *(.interp)

.note.gnu.build-id
 *(.note.gnu.build-id)

.hash
 *(.hash)

.gnu.hash
 *(.gnu.hash)

.dynsym
 *(.dynsym)

.dynstr
 *(.dynstr)

.gnu.version
 *(.gnu.version)

.gnu.version_d
 *(.gnu.version_d)

.gnu.version_r
 *(.gnu.version_r)

.rel.dyn        0x0000000008048094        0x0
 *(.rel.init)
 *(.rel.text .rel.text.* .rel.gnu.linkonce.t.*)
 .rel.text      0x0000000008048094        0x0 build/main.o
 *(.rel.fini)
 *(.rel.rodata .rel.rodata.* .rel.gnu.linkonce.r.*)
 *(.rel.data.rel.ro .rel.data.rel.ro.* .rel.gnu.linkonce.d.rel.ro.*)
 *(.rel.data .rel.data.* .rel.gnu.linkonce.d.*)
 *(.rel.tdata .rel.tdata.* .rel.gnu.linkonce.td.*)
 *(.rel.tbss .rel.tbss.* .rel.gnu.linkonce.tb.*)
 *(.rel.ctors)
 *(.rel.dtors)
 *(.rel.got)
 .rel.got       0x0000000008048094        0x0 build/main.o
 *(.rel.bss .rel.bss.* .rel.gnu.linkonce.b.*)
 *(.rel.ifunc)

.rel.plt        0x0000000008048094        0x0
 *(.rel.plt)
                [!provide]                        PROVIDE (__rel_iplt_start = .)
 *(.rel.iplt)
 .rel.iplt      0x0000000008048094        0x0 build/main.o
                [!provide]                        PROVIDE (__rel_iplt_end = .)

.init
 *(SORT_NONE(.init))

.plt            0x0000000008048098        0x0
 *(.plt)
 *(.iplt)
 .iplt          0x0000000008048098        0x0 build/main.o

.plt.got
 *(.plt.got)

.plt.sec
 *(.plt.sec)

.text           0x00000000c0001500     0xd2a8
 *(.text.unlikely .text.*_unlikely .text.unlikely.*)
 *(.text.exit .text.exit.*)
 *(.text.startup .text.startup.*)
 *(.text.hot .text.hot.*)
 *(.text .stub .text.* .gnu.linkonce.t.*)
 .text          0x00000000c0001500      0x14c build/main.o
                0x00000000c0001500                main
                0x00000000c00015ff                init
 .text.__x86.get_pc_thunk.bx
                0x00000000c000164c        0x4 build/main.o
                0x00000000c000164c                __x86.get_pc_thunk.bx
 .text          0x00000000c0001650       0x61 build/init.o
                0x00000000c0001650                init_all
 .text          0x00000000c00016b1      0x583 build/interrupt.o
                0x00000000c0001ad6                intr_enable
                0x00000000c0001b09                intr_disable
                0x00000000c0001b3c                intr_set_status
                0x00000000c0001b64                intr_get_status
                0x00000000c0001b8b                register_handler
                0x00000000c0001bb4                idt_init
 .text.__x86.get_pc_thunk.ax
                0x00000000c0001c34        0x4 build/interrupt.o
                0x00000000c0001c34                __x86.get_pc_thunk.ax
 .text          0x00000000c0001c38      0x258 build/timer.o
                0x00000000c0001d8b                timer_init
                0x00000000c0001e2e                mtime_sleep
 .text.__x86.get_pc_thunk.cx
                0x00000000c0001e90        0x4 build/timer.o
                0x00000000c0001e90                __x86.get_pc_thunk.cx
 *fill*         0x00000000c0001e94        0xc 
 .text          0x00000000c0001ea0      0x55b build/kernel.o
                0x00000000c0001ea0                intr_exit
                0x00000000c00023d7                syscall_handler
 *fill*         0x00000000c00023fb        0x5 
 .text          0x00000000c0002400      0x1b1 build/print.o
                0x00000000c0002400                put_str
                0x00000000c000241e                put_char
                0x00000000c00024eb                cls_screen
                0x00000000c000252a                put_int
                0x00000000c000258d                set_cursor
 *fill*         0x00000000c00025b1        0xf 
 .text          0x00000000c00025c0       0x15 build/switch.o
                0x00000000c00025c0                switch_to
 .text          0x00000000c00025d5       0xf4 build/debug.o
                0x00000000c00025d5                panic_spin
 .text          0x00000000c00026c9      0x4ac build/string.o
                0x00000000c00026c9                memset
                0x00000000c0002731                memcpy
                0x00000000c00027a7                memcmp
                0x00000000c0002840                strcpy
                0x00000000c00028ab                strlen
                0x00000000c000290c                strcmp
                0x00000000c000299b                strchr
                0x00000000c0002a09                strrchr
                0x00000000c0002a7d                strcat
                0x00000000c0002afd                strchrs
 .text          0x00000000c0002b75     0x144c build/memory.o
                0x00000000c0002ca8                pte_ptr
                0x00000000c0002ce2                pde_ptr
                0x00000000c0002e99                malloc_page
                0x00000000c0002f72                get_kernel_pages
                0x00000000c0002fe6                get_user_pages
                0x00000000c0003054                get_a_page
                0x00000000c00031de                addr_v2p
                0x00000000c00034bc                sys_malloc
                0x00000000c0003814                block_desc_init
                0x00000000c00038b7                pfree
                0x00000000c0003a2d                mfree_page
                0x00000000c0003c2c                sys_free
                0x00000000c0003e3e                mem_init
                0x00000000c0003ea4                get_a_page_without_opvaddrbitmap
                0x00000000c0003f3f                free_a_phy_page
 .text          0x00000000c0003fc1      0x28d build/bitmap.o
                0x00000000c0003fc1                bitmap_init
                0x00000000c0003ff4                bitmap_scan_test
                0x00000000c000403e                bitmap_scan
                0x00000000c0004186                bitmap_set
 .text          0x00000000c000424e      0xe3b build/thread.o
                0x00000000c000426f                running_thread
                0x00000000c00043a1                release_pid
                0x00000000c0004416                fork_pid
                0x00000000c000442d                thread_create
                0x00000000c00044b1                init_thread
                0x00000000c00045d2                thread_start
                0x00000000c000477a                schedule
                0x00000000c00048f7                thread_block
                0x00000000c000496f                thread_unblock
                0x00000000c0004a90                thread_yield
                0x00000000c0004e1b                sys_ps
                0x00000000c0004e76                thread_exit
                0x00000000c0004f92                pid2thread
                0x00000000c0004fe2                thread_init
 .text.__x86.get_pc_thunk.dx
                0x00000000c0005089        0x4 build/thread.o
                0x00000000c0005089                __x86.get_pc_thunk.dx
 .text          0x00000000c000508d      0x25f build/list.o
                0x00000000c000508d                list_init
                0x00000000c00050c5                list_insert_before
                0x00000000c0005119                list_push
                0x00000000c0005141                list_append
                0x00000000c0005169                list_remove
                0x00000000c00051b2                list_pop
                0x00000000c00051de                elem_find
                0x00000000c0005223                list_traversal
                0x00000000c000528a                list_len
                0x00000000c00052c9                list_empty
 .text          0x00000000c00052ec      0x391 build/sync.o
                0x00000000c00052ec                sema_init
                0x00000000c0005326                lock_init
                0x00000000c0005360                sema_down
                0x00000000c000547c                sema_up
                0x00000000c0005546                lock_acquire
                0x00000000c00055ce                lock_release
 .text          0x00000000c000567d      0x119 build/console.o
                0x00000000c000567d                console_init
                0x00000000c00056a8                console_acquire
                0x00000000c00056d3                console_release
                0x00000000c00056fe                console_put_str
                0x00000000c000572e                console_put_char
                0x00000000c0005766                console_put_int
 .text          0x00000000c0005796      0x33e build/keyboard.o
                0x00000000c0005a72                keyboard_init
 .text          0x00000000c0005ad4      0x382 build/ioqueue.o
                0x00000000c0005ad4                ioqueue_init
                0x00000000c0005b4a                ioq_full
                0x00000000c0005bab                ioq_empty
                0x00000000c0005cb7                ioq_getchar
                0x00000000c0005d85                ioq_putchar
 .text          0x00000000c0005e56      0x1b2 build/tss.o
                0x00000000c0005e56                update_tss_esp
                0x00000000c0005ee7                tss_init
 .text          0x00000000c0006008      0x3ed build/process.o
                0x00000000c0006008                start_process
                0x00000000c000611c                page_dir_activate
                0x00000000c0006161                process_activate
                0x00000000c00061c4                create_page_dir
                0x00000000c000624d                create_user_vaddr_bitmap
                0x00000000c00062a8                process_execute
 .text          0x00000000c00063f5      0x3fa build/syscall.o
                0x00000000c00063f5                getpid
                0x00000000c0006414                write
                0x00000000c0006441                malloc
                0x00000000c000646a                free
                0x00000000c0006491                fork
                0x00000000c00064b0                read
                0x00000000c00064dd                putchar
                0x00000000c000650b                clear
                0x00000000c0006528                getcwd
                0x00000000c0006554                open
                0x00000000c0006587                close
                0x00000000c00065b0                lseek
                0x00000000c00065e4                unlink
                0x00000000c000660d                mkdir
                0x00000000c0006636                opendir
                0x00000000c000665f                closedir
                0x00000000c0006688                rmdir
                0x00000000c00066b1                readdir
                0x00000000c00066da                rewinddir
                0x00000000c0006701                stat
                0x00000000c000672d                chdir
                0x00000000c0006756                ps
                0x00000000c0006773                execv
                0x00000000c000679f                exit
                0x00000000c00067c6                wait
 .text          0x00000000c00067ef      0x1d5 build/syscall-init.o
                0x00000000c00067ef                sys_getpid
                0x00000000c0006812                syscall_init
 .text          0x00000000c00069c4      0x2d5 build/stdio.o
                0x00000000c0006a55                vsprintf
                0x00000000c0006be1                sprintf
                0x00000000c0006c1b                printf
 .text          0x00000000c0006c99       0x6a build/stdio-kernel.o
                0x00000000c0006c99                printk
 .text          0x00000000c0006d03      0xefc build/ide.o
                0x00000000c0007087                ide_read
                0x00000000c000721c                ide_write
                0x00000000c00078d3                intr_hd_handler
                0x00000000c00079ab                ide_init
 .text          0x00000000c0007bff     0x2313 build/fs.o
                0x00000000c0008346                filesys_init
                0x00000000c000856e                path_parse
                0x00000000c00085d6                path_depth_cnt
                0x00000000c0008925                sys_open
                0x00000000c0008ba7                sys_write
                0x00000000c0008ca5                sys_lseek
                0x00000000c0008dab                sys_unlink
                0x00000000c0009009                sys_mkdir
                0x00000000c000943b                sys_opendir
                0x00000000c000956b                sys_closedir
                0x00000000c00095a8                sys_readdir
                0x00000000c00095f5                sys_rewinddir
                0x00000000c000960f                sys_rmdir
                0x00000000c00099f6                sys_getcwd
                0x00000000c0009bfb                sys_chdir
                0x00000000c0009c99                sys_stat
                0x00000000c0009de0                sys_read
                0x00000000c0009ee0                sys_putchar
 .text          0x00000000c0009f12      0x7bb build/inode.o
                0x00000000c0009fc2                inode_sync
                0x00000000c000a0fe                inode_open
                0x00000000c000a253                inode_close
                0x00000000c000a2de                inode_init
                0x00000000c000a33e                inode_delete
                0x00000000c000a46b                inode_release
 .text          0x00000000c000a6cd     0x13ce build/file.o
                0x00000000c000a6cd                get_free_slot_in_global
                0x00000000c000a73b                pcb_fd_install
                0x00000000c000a7b9                inode_bitmap_alloc
                0x00000000c000a80f                block_bitmap_alloc
                0x00000000c000a870                bitmap_sync
                0x00000000c000a909                file_create
                0x00000000c000ac0f                file_open
                0x00000000c000ad56                file_close
                0x00000000c000ada9                fd_local2global
                0x00000000c000ae09                sys_close
                0x00000000c000ae7a                file_write
                0x00000000c000b6b1                file_read
 .text          0x00000000c000ba9b      0xf74 build/dir.o
                0x00000000c000ba9b                open_root_dir
                0x00000000c000bae2                dir_open
                0x00000000c000bb31                search_dir_entry
                0x00000000c000bd1a                dir_close
                0x00000000c000bd5e                create_dir_entry
                0x00000000c000bde4                sync_dir_entry
                0x00000000c000c253                delete_dir_entry
                0x00000000c000c6f3                dir_read
                0x00000000c000c8f7                dir_is_empty
                0x00000000c000c92f                dir_remove
 .text          0x00000000c000ca0f      0x594 build/fork.o
                0x00000000c000ce58                sys_fork
 .text          0x00000000c000cfa3      0x6a2 build/shell.o
                0x00000000c000cfa3                print_prompt
                0x00000000c000d213                my_shell
 .text          0x00000000c000d645       0x33 build/assert.o
                0x00000000c000d645                user_spin
 .text          0x00000000c000d678      0x9e5 build/buildin_cmd.o
                0x00000000c000d807                make_clear_abs_path
                0x00000000c000d8d0                buildin_pwd
                0x00000000c000d949                buildin_cd
                0x00000000c000d9f2                buildin_ls
                0x00000000c000dde4                buildin_ps
                0x00000000c000de1d                buildin_clear
                0x00000000c000de56                buildin_mkdir
                0x00000000c000df03                buildin_rmdir
                0x00000000c000dfb0                buildin_rm
 .text          0x00000000c000e05d      0x367 build/exec.o
                0x00000000c000e30a                sys_execv
 .text          0x00000000c000e3c4      0x3e4 build/wait_exit.o
                0x00000000c000e60e                sys_wait
                0x00000000c000e6d8                sys_exit
 *(.gnu.warning)

.fini
 *(SORT_NONE(.fini))
                [!provide]                        PROVIDE (__etext = .)
                [!provide]                        PROVIDE (_etext = .)
                [!provide]                        PROVIDE (etext = .)

.rodata         0x00000000c000e7a8     0x2851
 *(.rodata .rodata.* .gnu.linkonce.r.*)
 .rodata        0x00000000c000e7a8       0x71 build/main.o
 .rodata        0x00000000c000e819        0xa build/init.o
 *fill*         0x00000000c000e823        0x1 
 .rodata        0x00000000c000e824      0x2cd build/interrupt.o
 *fill*         0x00000000c000eaf1        0x3 
 .rodata        0x00000000c000eaf4       0x88 build/timer.o
 .rodata        0x00000000c000eb7c       0x3f build/debug.o
 *fill*         0x00000000c000ebbb        0x1 
 .rodata        0x00000000c000ebbc       0xac build/string.o
 .rodata        0x00000000c000ec68      0x3bd build/memory.o
 *fill*         0x00000000c000f025        0x3 
 .rodata        0x00000000c000f028       0x6b build/bitmap.o
 *fill*         0x00000000c000f093        0x1 
 .rodata        0x00000000c000f094      0x3dc build/thread.o
 .rodata        0x00000000c000f470      0x135 build/sync.o
 .rodata        0x00000000c000f5a5       0x36 build/keyboard.o
 *fill*         0x00000000c000f5db        0x1 
 .rodata        0x00000000c000f5dc       0xa8 build/ioqueue.o
 .rodata        0x00000000c000f684       0x27 build/tss.o
 *fill*         0x00000000c000f6ab        0x1 
 .rodata        0x00000000c000f6ac       0xe0 build/process.o
 .rodata        0x00000000c000f78c       0x27 build/syscall-init.o
 *fill*         0x00000000c000f7b3        0x1 
 .rodata        0x00000000c000f7b4      0x211 build/ide.o
 *fill*         0x00000000c000f9c5        0x3 
 .rodata        0x00000000c000f9c8      0x875 build/fs.o
 *fill*         0x00000000c001023d        0x3 
 .rodata        0x00000000c0010240       0xc2 build/inode.o
 *fill*         0x00000000c0010302        0x2 
 .rodata        0x00000000c0010304      0x476 build/file.o
 *fill*         0x00000000c001077a        0x2 
 .rodata        0x00000000c001077c      0x20f build/dir.o
 *fill*         0x00000000c001098b        0x1 
 .rodata        0x00000000c001098c      0x145 build/fork.o
 *fill*         0x00000000c0010ad1        0x3 
 .rodata        0x00000000c0010ad4      0x19d build/shell.o
 *fill*         0x00000000c0010c71        0x3 
 .rodata        0x00000000c0010c74       0x32 build/assert.o
 *fill*         0x00000000c0010ca6        0x2 
 .rodata        0x00000000c0010ca8      0x2fe build/buildin_cmd.o
 .rodata        0x00000000c0010fa6        0x8 build/exec.o
 *fill*         0x00000000c0010fae        0x2 
 .rodata        0x00000000c0010fb0       0x49 build/wait_exit.o

.rodata1
 *(.rodata1)

.eh_frame_hdr
 *(.eh_frame_hdr)
 *(.eh_frame_entry .eh_frame_entry.*)

.eh_frame       0x00000000c0010ffc     0x240c
 *(.eh_frame)
 .eh_frame      0x00000000c0010ffc       0x84 build/main.o
 .eh_frame      0x00000000c0011080       0x24 build/init.o
                                         0x50 (size before relaxing)
 .eh_frame      0x00000000c00110a4      0x1b4 build/interrupt.o
                                        0x1e0 (size before relaxing)
 .eh_frame      0x00000000c0011258       0xf0 build/timer.o
                                        0x130 (size before relaxing)
 .eh_frame      0x00000000c0011348       0x1c build/debug.o
                                         0x48 (size before relaxing)
 .eh_frame      0x00000000c0011364      0x168 build/string.o
                                        0x194 (size before relaxing)
 .eh_frame      0x00000000c00114cc      0x324 build/memory.o
                                        0x364 (size before relaxing)
 .eh_frame      0x00000000c00117f0       0x90 build/bitmap.o
                                         0xbc (size before relaxing)
 .eh_frame      0x00000000c0011880      0x314 build/thread.o
                                        0x354 (size before relaxing)
 .eh_frame      0x00000000c0011b94      0x148 build/list.o
                                        0x188 (size before relaxing)
 .eh_frame      0x00000000c0011cdc       0xdc build/sync.o
                                        0x11c (size before relaxing)
 .eh_frame      0x00000000c0011db8       0xd8 build/console.o
                                        0x118 (size before relaxing)
 .eh_frame      0x00000000c0011e90       0x68 build/keyboard.o
                                         0xa8 (size before relaxing)
 .eh_frame      0x00000000c0011ef8      0x11c build/ioqueue.o
                                        0x15c (size before relaxing)
 .eh_frame      0x00000000c0012014       0x6c build/tss.o
                                         0xac (size before relaxing)
 .eh_frame      0x00000000c0012080       0xd8 build/process.o
                                        0x118 (size before relaxing)
 .eh_frame      0x00000000c0012158      0x374 build/syscall.o
                                        0x3a0 (size before relaxing)
 .eh_frame      0x00000000c00124cc       0x48 build/syscall-init.o
                                         0x88 (size before relaxing)
 .eh_frame      0x00000000c0012514       0x90 build/stdio.o
                                         0xd0 (size before relaxing)
 .eh_frame      0x00000000c00125a4       0x28 build/stdio-kernel.o
                                         0x54 (size before relaxing)
 .eh_frame      0x00000000c00125cc      0x27c build/ide.o
                                        0x2bc (size before relaxing)
 .eh_frame      0x00000000c0012848      0x35c build/fs.o
                                        0x39c (size before relaxing)
 .eh_frame      0x00000000c0012ba4      0x100 build/inode.o
                                        0x140 (size before relaxing)
 .eh_frame      0x00000000c0012ca4      0x1c0 build/file.o
                                        0x214 (size before relaxing)
 .eh_frame      0x00000000c0012e64      0x17c build/dir.o
                                        0x1bc (size before relaxing)
 .eh_frame      0x00000000c0012fe0       0xd4 build/fork.o
                                        0x114 (size before relaxing)
 .eh_frame      0x00000000c00130b4       0x88 build/shell.o
                                         0xc8 (size before relaxing)
 .eh_frame      0x00000000c001313c       0x1c build/assert.o
                                         0x48 (size before relaxing)
 .eh_frame      0x00000000c0013158      0x178 build/buildin_cmd.o
                                        0x1b8 (size before relaxing)
 .eh_frame      0x00000000c00132d0       0x6c build/exec.o
                                         0x98 (size before relaxing)
 .eh_frame      0x00000000c001333c       0xcc build/wait_exit.o
                                        0x10c (size before relaxing)
 *(.eh_frame.*)

.gcc_except_table
 *(.gcc_except_table .gcc_except_table.*)

.gnu_extab
 *(.gnu_extab*)

.exception_ranges
 *(.exception_ranges .exception_ranges*)
                0x00000000c0015000                . = DATA_SEGMENT_ALIGN (CONSTANT (MAXPAGESIZE), CONSTANT (COMMONPAGESIZE))

.eh_frame
 *(.eh_frame)
 *(.eh_frame.*)

.gnu_extab
 *(.gnu_extab)

.gcc_except_table
 *(.gcc_except_table .gcc_except_table.*)

.exception_ranges
 *(.exception_ranges .exception_ranges*)

.tdata
 *(.tdata .tdata.* .gnu.linkonce.td.*)

.tbss
 *(.tbss .tbss.* .gnu.linkonce.tb.*)
 *(.tcommon)

.preinit_array  0x00000000c0015000        0x0
                [!provide]                        PROVIDE (__preinit_array_start = .)
 *(.preinit_array)
                [!provide]                        PROVIDE (__preinit_array_end = .)

.init_array     0x00000000c0015000        0x0
                [!provide]                        PROVIDE (__init_array_start = .)
 *(SORT_BY_INIT_PRIORITY(.init_array.*) SORT_BY_INIT_PRIORITY(.ctors.*))
 *(.init_array EXCLUDE_FILE(*crtend?.o *crtend.o *crtbegin?.o *crtbegin.o) .ctors)
                [!provide]                        PROVIDE (__init_array_end = .)

.fini_array     0x00000000c0015000        0x0
                [!provide]                        PROVIDE (__fini_array_start = .)
 *(SORT_BY_INIT_PRIORITY(.fini_array.*) SORT_BY_INIT_PRIORITY(.dtors.*))
 *(.fini_array EXCLUDE_FILE(*crtend?.o *crtend.o *crtbegin?.o *crtbegin.o) .dtors)
                [!provide]                        PROVIDE (__fini_array_end = .)

.ctors
 *crtbegin.o(.ctors)
 *crtbegin?.o(.ctors)
 *(EXCLUDE_FILE(*crtend?.o *crtend.o) .ctors)
 *(SORT_BY_NAME(.ctors.*))
 *(.ctors)

.dtors
 *crtbegin.o(.dtors)
 *crtbegin?.o(.dtors)
 *(EXCLUDE_FILE(*crtend?.o *crtend.o) .dtors)
 *(SORT_BY_NAME(.dtors.*))
 *(.dtors)

.jcr
 *(.jcr)

.data.rel.ro
 *(.data.rel.ro.local* .gnu.linkonce.d.rel.ro.local.*)
 *(.data.rel.ro .data.rel.ro.* .gnu.linkonce.d.rel.ro.*)

.dynamic
 *(.dynamic)

.got            0x00000000c0015000        0x0
 *(.got)
 .got           0x00000000c0015000        0x0 build/main.o
 *(.igot)
                0x00000000c0015ff4                . = DATA_SEGMENT_RELRO_END (., (SIZEOF (.got.plt) >= 0xc)?0xc:0x0)

.got.plt        0x00000000c0015000        0xc
 *(.got.plt)
 .got.plt       0x00000000c0015000        0xc build/main.o
                0x00000000c0015000                _GLOBAL_OFFSET_TABLE_
 *(.igot.plt)
 .igot.plt      0x00000000c001500c        0x0 build/main.o

.data           0x00000000c0015020      0x15c
 *(.data .data.* .gnu.linkonce.d.*)
 .data          0x00000000c0015020        0x0 build/main.o
 .data          0x00000000c0015020        0x0 build/init.o
 .data          0x00000000c0015020        0x0 build/interrupt.o
 .data          0x00000000c0015020        0x0 build/timer.o
 .data          0x00000000c0015020       0xc0 build/kernel.o
                0x00000000c0015020                intr_entry_table
 .data          0x00000000c00150e0        0x8 build/print.o
 .data          0x00000000c00150e8        0x0 build/debug.o
 .data          0x00000000c00150e8        0x0 build/string.o
 .data          0x00000000c00150e8        0x0 build/memory.o
 .data          0x00000000c00150e8        0x0 build/bitmap.o
 .data          0x00000000c00150e8        0x0 build/thread.o
 .data          0x00000000c00150e8        0x0 build/list.o
 .data          0x00000000c00150e8        0x0 build/sync.o
 .data          0x00000000c00150e8        0x0 build/console.o
 *fill*         0x00000000c00150e8       0x18 
 .data          0x00000000c0015100       0x76 build/keyboard.o
 .data          0x00000000c0015176        0x0 build/ioqueue.o
 .data          0x00000000c0015176        0x0 build/tss.o
 .data          0x00000000c0015176        0x0 build/process.o
 .data          0x00000000c0015176        0x0 build/syscall.o
 .data          0x00000000c0015176        0x0 build/syscall-init.o
 .data          0x00000000c0015176        0x0 build/stdio.o
 .data          0x00000000c0015176        0x0 build/stdio-kernel.o
 .data          0x00000000c0015176        0x0 build/ide.o
 .data          0x00000000c0015176        0x0 build/fs.o
 .data          0x00000000c0015176        0x0 build/inode.o
 .data          0x00000000c0015176        0x0 build/file.o
 .data          0x00000000c0015176        0x0 build/dir.o
 .data          0x00000000c0015176        0x0 build/fork.o
 *fill*         0x00000000c0015176        0x2 
 .data          0x00000000c0015178        0x4 build/shell.o
                0x00000000c0015178                argc
 .data          0x00000000c001517c        0x0 build/assert.o
 .data          0x00000000c001517c        0x0 build/buildin_cmd.o
 .data          0x00000000c001517c        0x0 build/exec.o
 .data          0x00000000c001517c        0x0 build/wait_exit.o

.data1
 *(.data1)
                0x00000000c001517c                _edata = .
                [!provide]                        PROVIDE (edata = .)
                0x00000000c001517c                . = .
                0x00000000c001517c                __bss_start = .

.bss            0x00000000c0015180     0x2320
 *(.dynbss)
 *(.bss .bss.* .gnu.linkonce.b.*)
 .bss           0x00000000c0015180        0x0 build/main.o
 .bss           0x00000000c0015180        0x0 build/init.o
 .bss           0x00000000c0015180      0x408 build/interrupt.o
 .bss           0x00000000c0015588        0x0 build/timer.o
 .bss           0x00000000c0015588        0x0 build/debug.o
 .bss           0x00000000c0015588        0x0 build/string.o
 .bss           0x00000000c0015588        0x0 build/memory.o
 .bss           0x00000000c0015588        0x0 build/bitmap.o
 *fill*         0x00000000c0015588       0x18 
 .bss           0x00000000c00155a0       0x84 build/thread.o
                0x00000000c00155a0                pid_bitmap_bits
 .bss           0x00000000c0015624        0x0 build/list.o
 .bss           0x00000000c0015624        0x0 build/sync.o
 .bss           0x00000000c0015624       0x1c build/console.o
 .bss           0x00000000c0015640       0x14 build/keyboard.o
 .bss           0x00000000c0015654        0x0 build/ioqueue.o
 *fill*         0x00000000c0015654        0xc 
 .bss           0x00000000c0015660       0x6c build/tss.o
 .bss           0x00000000c00156cc        0x0 build/process.o
 .bss           0x00000000c00156cc        0x0 build/syscall.o
 .bss           0x00000000c00156cc        0x0 build/syscall-init.o
 .bss           0x00000000c00156cc        0x0 build/stdio.o
 .bss           0x00000000c00156cc        0x0 build/stdio-kernel.o
 .bss           0x00000000c00156cc        0x6 build/ide.o
                0x00000000c00156cc                ext_lba_base
                0x00000000c00156d0                p_no
                0x00000000c00156d1                l_no
 .bss           0x00000000c00156d2        0x0 build/fs.o
 .bss           0x00000000c00156d2        0x0 build/inode.o
 .bss           0x00000000c00156d2        0x0 build/file.o
 .bss           0x00000000c00156d2        0x0 build/dir.o
 .bss           0x00000000c00156d2        0x0 build/fork.o
 *fill*         0x00000000c00156d2        0xe 
 .bss           0x00000000c00156e0      0x600 build/shell.o
                0x00000000c00156e0                final_path
                0x00000000c00158e0                cwd_cache
 .bss           0x00000000c0015ce0        0x0 build/assert.o
 .bss           0x00000000c0015ce0        0x0 build/buildin_cmd.o
 .bss           0x00000000c0015ce0        0x0 build/exec.o
 .bss           0x00000000c0015ce0        0x0 build/wait_exit.o
 *(COMMON)
 COMMON         0x00000000c0015ce0      0x424 build/interrupt.o
                0x00000000c0015ce0                intr_name
                0x00000000c0015f00                idt_table
 COMMON         0x00000000c0016104        0x4 build/timer.o
                0x00000000c0016104                ticks
 *fill*         0x00000000c0016108       0x18 
 COMMON         0x00000000c0016120      0x12c build/memory.o
                0x00000000c0016120                user_pool
                0x00000000c0016160                k_block_descs
                0x00000000c0016208                kernel_vaddr
                0x00000000c0016220                kernel_pool
 *fill*         0x00000000c001624c       0x14 
 COMMON         0x00000000c0016260       0x50 build/thread.o
                0x00000000c0016260                pid_pool
                0x00000000c0016288                thread_ready_list
                0x00000000c0016298                thread_all_list
                0x00000000c00162a8                idle_thread
                0x00000000c00162ac                main_thread
 *fill*         0x00000000c00162b0       0x10 
 COMMON         0x00000000c00162c0       0x6c build/keyboard.o
                0x00000000c00162c0                kbd_buf
 *fill*         0x00000000c001632c       0x14 
 COMMON         0x00000000c0016340       0x80 build/syscall-init.o
                0x00000000c0016340                syscall_table
 COMMON         0x00000000c00163c0      0xcf0 build/ide.o
                0x00000000c00163c0                channel_cnt
                0x00000000c00163e0                channels
                0x00000000c00170a0                partition_list
 COMMON         0x00000000c00170b0        0x4 build/fs.o
                0x00000000c00170b0                cur_part
 *fill*         0x00000000c00170b4        0xc 
 COMMON         0x00000000c00170c0      0x180 build/file.o
                0x00000000c00170c0                file_table
 COMMON         0x00000000c0017240      0x208 build/dir.o
                0x00000000c0017240                root_dir
 *fill*         0x00000000c0017448       0x18 
 COMMON         0x00000000c0017460       0x40 build/shell.o
                0x00000000c0017460                argv
                0x00000000c00174a0                . = ALIGN ((. != 0x0)?0x4:0x1)
                0x00000000c00174a0                . = ALIGN (0x4)
                0x00000000c00174a0                . = SEGMENT_START ("ldata-segment", .)
                0x00000000c00174a0                . = ALIGN (0x4)
                0x00000000c00174a0                _end = .
                [!provide]                        PROVIDE (end = .)
                0x00000000c00174a0                . = DATA_SEGMENT_END (.)

.stab
 *(.stab)

.stabstr
 *(.stabstr)

.stab.excl
 *(.stab.excl)

.stab.exclstr
 *(.stab.exclstr)

.stab.index
 *(.stab.index)

.stab.indexstr
 *(.stab.indexstr)

.comment        0x0000000000000000       0x29
 *(.comment)
 .comment       0x0000000000000000       0x29 build/main.o
                                         0x2a (size before relaxing)
 .comment       0x0000000000000029       0x2a build/init.o
 .comment       0x0000000000000029       0x2a build/interrupt.o
 .comment       0x0000000000000029       0x2a build/timer.o
 .comment       0x0000000000000029       0x2a build/debug.o
 .comment       0x0000000000000029       0x2a build/string.o
 .comment       0x0000000000000029       0x2a build/memory.o
 .comment       0x0000000000000029       0x2a build/bitmap.o
 .comment       0x0000000000000029       0x2a build/thread.o
 .comment       0x0000000000000029       0x2a build/list.o
 .comment       0x0000000000000029       0x2a build/sync.o
 .comment       0x0000000000000029       0x2a build/console.o
 .comment       0x0000000000000029       0x2a build/keyboard.o
 .comment       0x0000000000000029       0x2a build/ioqueue.o
 .comment       0x0000000000000029       0x2a build/tss.o
 .comment       0x0000000000000029       0x2a build/process.o
 .comment       0x0000000000000029       0x2a build/syscall.o
 .comment       0x0000000000000029       0x2a build/syscall-init.o
 .comment       0x0000000000000029       0x2a build/stdio.o
 .comment       0x0000000000000029       0x2a build/stdio-kernel.o
 .comment       0x0000000000000029       0x2a build/ide.o
 .comment       0x0000000000000029       0x2a build/fs.o
 .comment       0x0000000000000029       0x2a build/inode.o
 .comment       0x0000000000000029       0x2a build/file.o
 .comment       0x0000000000000029       0x2a build/dir.o
 .comment       0x0000000000000029       0x2a build/fork.o
 .comment       0x0000000000000029       0x2a build/shell.o
 .comment       0x0000000000000029       0x2a build/assert.o
 .comment       0x0000000000000029       0x2a build/buildin_cmd.o
 .comment       0x0000000000000029       0x2a build/exec.o
 .comment       0x0000000000000029       0x2a build/wait_exit.o

.debug
 *(.debug)

.line
 *(.line)

.debug_srcinfo
 *(.debug_srcinfo)

.debug_sfnames
 *(.debug_sfnames)

.debug_aranges
 *(.debug_aranges)

.debug_pubnames
 *(.debug_pubnames)

.debug_info
 *(.debug_info .gnu.linkonce.wi.*)

.debug_abbrev
 *(.debug_abbrev)

.debug_line
 *(.debug_line .debug_line.* .debug_line_end)

.debug_frame
 *(.debug_frame)

.debug_str
 *(.debug_str)

.debug_loc
 *(.debug_loc)

.debug_macinfo
 *(.debug_macinfo)

.debug_weaknames
 *(.debug_weaknames)

.debug_funcnames
 *(.debug_funcnames)

.debug_typenames
 *(.debug_typenames)

.debug_varnames
 *(.debug_varnames)

.debug_pubtypes
 *(.debug_pubtypes)

.debug_ranges
 *(.debug_ranges)

.debug_macro
 *(.debug_macro)

.debug_addr
 *(.debug_addr)

.gnu.attributes
 *(.gnu.attributes)

/DISCARD/
 *(.note.GNU-stack)
 *(.gnu_debuglink)
 *(.gnu.lto_*)
OUTPUT(build/kernel.bin elf32-i386)
